{
    "Params: integer sample names - stub": {
        "content": [
            22,
            {
                "BBMAP_BBSPLIT": {
                    "bbmap": 39.18
                },
                "CUSTOM_CATADDITIONALFASTA": {
                    "python": "3.12.2"
                },
                "CUSTOM_GTFFILTER": {
                    "python": "3.9.5"
                },
                "EAUTILS_GTF2BED": {
                    "perl": "5.26.2"
                },
                "FASTQC": {
                    "fastqc": "0.12.1"
                },
                "FQ_LINT": {
                    "fq": "0.12.0"
                },
                "GUNZIP_ADDITIONAL_FASTA": {
                    "gunzip": 1.13
                },
                "GUNZIP_GTF": {
                    "gunzip": 1.13
                },
                "SAMTOOLS_FAIDX": {
                    "samtools": "1.23.1"
                },
                "STAR_GENOMEGENERATE": {
                    "gawk": "5.1.0",
                    "samtools": 1.21,
                    "star": "2.7.11b"
                },
                "TRIMGALORE": {
                    "trimgalore": "2.1.0"
                },
                "UNTAR_SALMON_INDEX": {
                    "untar": 1.34
                }
            },
            [
                "fastqc",
                "fastqc/raw",
                "fastqc/raw/298098_raw.html",
                "fastqc/raw/298098_raw.zip",
                "fastqc/raw/298504_raw.html",
                "fastqc/raw/298504_raw.zip",
                "fastqc/raw/317960_raw.html",
                "fastqc/raw/317960_raw.zip",
                "fastqc/raw/319093_raw.html",
                "fastqc/raw/319093_raw.zip",
                "fastqc/trim",
                "fq_lint",
                "fq_lint/raw",
                "fq_lint/raw/298098.fq_lint.txt",
                "fq_lint/raw/298504.fq_lint.txt",
                "fq_lint/raw/317960.fq_lint.txt",
                "fq_lint/raw/319093.fq_lint.txt",
                "multiqc",
                "multiqc/star_salmon",
                "multiqc/star_salmon/multiqc_data",
                "multiqc/star_salmon/multiqc_data/.stub",
                "multiqc/star_salmon/multiqc_plots",
                "multiqc/star_salmon/multiqc_plots/.stub",
                "multiqc/star_salmon/multiqc_report.html",
                "pipeline_info",
                "pipeline_info/nf_core_rnaseq_software_mqc_versions.yml",
                "trimgalore",
                "trimgalore/298098_trimmed_1.fastq.gz_trimming_report.txt",
                "trimgalore/298098_trimmed_2.fastq.gz_trimming_report.txt",
                "trimgalore/298504_trimmed_1.fastq.gz_trimming_report.txt",
                "trimgalore/298504_trimmed_2.fastq.gz_trimming_report.txt",
                "trimgalore/317960_trimmed.fastq.gz_trimming_report.txt",
                "trimgalore/319093_trimmed_1.fastq.gz_trimming_report.txt",
                "trimgalore/319093_trimmed_2.fastq.gz_trimming_report.txt"
            ],
            [
                
            ]
        ],
        "timestamp": "2026-05-11T12:48:55.793179161",
        "meta": {
            "nf-test": "0.9.5",
            "nextflow": "26.04.0"
        }
    },
    "Params: integer sample names": {
        "content": [
            190,
            {
                "BBMAP_BBSPLIT": {
                    "bbmap": 39.18
                },
                "BEDTOOLS_GENOMECOV_COMBINED": {
                    "bedtools": "2.31.1"
                },
                "BEDTOOLS_GENOMECOV_FW": {
                    "bedtools": "2.31.1"
                },
                "BEDTOOLS_GENOMECOV_REV": {
                    "bedtools": "2.31.1"
                },
                "CUSTOM_CATADDITIONALFASTA": {
                    "python": "3.12.2"
                },
                "CUSTOM_GTFFILTER": {
                    "python": "3.9.5"
                },
                "CUSTOM_MULTIQCCUSTOMBIOTYPE": {
                    "python": "3.12.12"
                },
                "CUSTOM_TX2GENE": {
                    "python": "3.10.4"
                },
                "DESEQ2_QC_BAM_SALMON": {
                    "bioconductor-deseq2": "1.46.0",
                    "r-base": "4.4.2"
                },
                "DESEQ2_QC_PSEUDO": {
                    "bioconductor-deseq2": "1.46.0",
                    "r-base": "4.4.2"
                },
                "DUPRADAR": {
                    "bioconductor-dupradar": "1.38.0"
                },
                "EAUTILS_GTF2BED": {
                    "perl": "5.26.2"
                },
                "FASTQC": {
                    "fastqc": "0.12.1"
                },
                "FASTQC_FILTERED": {
                    "fastqc": "0.12.1"
                },
                "FQ_LINT": {
                    "fq": "0.12.0"
                },
                "FQ_LINT_AFTER_BBSPLIT": {
                    "fq": "0.12.0"
                },
                "FQ_LINT_AFTER_TRIMMING": {
                    "fq": "0.12.0"
                },
                "FQ_SUBSAMPLE": {
                    "fq": "0.12.0"
                },
                "GUNZIP_ADDITIONAL_FASTA": {
                    "gunzip": 1.13
                },
                "GUNZIP_GTF": {
                    "gunzip": 1.13
                },
                "PICARD_MARKDUPLICATES": {
                    "picard": "3.4.0"
                },
                "QUALIMAP_RNASEQ": {
                    "qualimap": 2.3
                },
                "RSEQC_BAMSTAT": {
                    "rseqc": "5.0.4"
                },
                "RSEQC_INFEREXPERIMENT": {
                    "rseqc": "5.0.4"
                },
                "RSEQC_INNERDISTANCE": {
                    "rseqc": "5.0.4"
                },
                "RSEQC_JUNCTIONANNOTATION": {
                    "rseqc": "5.0.4"
                },
                "RSEQC_JUNCTIONSATURATION": {
                    "rseqc": "5.0.4"
                },
                "RSEQC_READDISTRIBUTION": {
                    "rseqc": "5.0.4"
                },
                "RSEQC_READDUPLICATION": {
                    "rseqc": "5.0.4"
                },
                "SALMON_QUANT": {
                    "salmon": "1.10.3"
                },
                "SAMTOOLS_FAIDX": {
                    "samtools": "1.23.1"
                },
                "SAMTOOLS_FLAGSTAT": {
                    "samtools": "1.23.1"
                },
                "SAMTOOLS_IDXSTATS": {
                    "samtools": "1.23.1"
                },
                "SAMTOOLS_INDEX": {
                    "samtools": "1.23.1"
                },
                "SAMTOOLS_SORT": {
                    "samtools": "1.23.1"
                },
                "SAMTOOLS_SORT_QUALIMAP": {
                    "samtools": "1.23.1"
                },
                "SAMTOOLS_STATS": {
                    "samtools": "1.23.1"
                },
                "SE_GENE_UNIFIED": {
                    "bioconductor-summarizedexperiment": "1.32.0"
                },
                "SE_TRANSCRIPT_UNIFIED": {
                    "bioconductor-summarizedexperiment": "1.32.0"
                },
                "STAR_ALIGN": {
                    "gawk": "5.1.0",
                    "samtools": 1.21,
                    "star": "2.7.11b"
                },
                "STAR_GENOMEGENERATE": {
                    "gawk": "5.1.0",
                    "samtools": 1.21,
                    "star": "2.7.11b"
                },
                "STRINGTIE_STRINGTIE": {
                    "stringtie": "2.2.3"
                },
                "SUBREAD_FEATURECOUNTS": {
                    "subread": "2.0.6"
                },
                "TRIMGALORE": {
                    "trimgalore": "2.1.0"
                },
                "TXIMETA_TXIMPORT": {
                    "bioconductor-tximeta": "1.20.1"
                },
                "UCSC_BEDCLIP": {
                    "ucsc": 377
                },
                "UCSC_BEDGRAPHTOBIGWIG": {
                    "ucsc": 469
                },
                "UNTAR_SALMON_INDEX": {
                    "untar": 1.34
                }
            },
            [
                "bbsplit",
                "bbsplit/298098.stats.txt",
                "bbsplit/298504.stats.txt",
                "bbsplit/317960.stats.txt",
                "bbsplit/319093.stats.txt",
                "fastqc",
                "fastqc/filtered",
                "fastqc/filtered/298098_filtered_1_fastqc.html",
                "fastqc/filtered/298098_filtered_1_fastqc.zip",
                "fastqc/filtered/298098_filtered_2_fastqc.html",
                "fastqc/filtered/298098_filtered_2_fastqc.zip",
                "fastqc/filtered/298504_filtered_1_fastqc.html",
                "fastqc/filtered/298504_filtered_1_fastqc.zip",
                "fastqc/filtered/298504_filtered_2_fastqc.html",
                "fastqc/filtered/298504_filtered_2_fastqc.zip",
                "fastqc/filtered/317960_filtered_fastqc.html",
                "fastqc/filtered/317960_filtered_fastqc.zip",
                "fastqc/filtered/319093_filtered_1_fastqc.html",
                "fastqc/filtered/319093_filtered_1_fastqc.zip",
                "fastqc/filtered/319093_filtered_2_fastqc.html",
                "fastqc/filtered/319093_filtered_2_fastqc.zip",
                "fastqc/raw",
                "fastqc/raw/298098_raw_1_fastqc.html",
                "fastqc/raw/298098_raw_1_fastqc.zip",
                "fastqc/raw/298098_raw_2_fastqc.html",
                "fastqc/raw/298098_raw_2_fastqc.zip",
                "fastqc/raw/298504_raw_1_fastqc.html",
                "fastqc/raw/298504_raw_1_fastqc.zip",
                "fastqc/raw/298504_raw_2_fastqc.html",
                "fastqc/raw/298504_raw_2_fastqc.zip",
                "fastqc/raw/317960_raw_fastqc.html",
                "fastqc/raw/317960_raw_fastqc.zip",
                "fastqc/raw/319093_raw_1_fastqc.html",
                "fastqc/raw/319093_raw_1_fastqc.zip",
                "fastqc/raw/319093_raw_2_fastqc.html",
                "fastqc/raw/319093_raw_2_fastqc.zip",
                "fastqc/trim",
                "fastqc/trim/298098_trimmed_1_val_1_fastqc.html",
                "fastqc/trim/298098_trimmed_1_val_1_fastqc.zip",
                "fastqc/trim/298098_trimmed_2_val_2_fastqc.html",
                "fastqc/trim/298098_trimmed_2_val_2_fastqc.zip",
                "fastqc/trim/298504_trimmed_1_val_1_fastqc.html",
                "fastqc/trim/298504_trimmed_1_val_1_fastqc.zip",
                "fastqc/trim/298504_trimmed_2_val_2_fastqc.html",
                "fastqc/trim/298504_trimmed_2_val_2_fastqc.zip",
                "fastqc/trim/317960_trimmed_trimmed_fastqc.html",
                "fastqc/trim/317960_trimmed_trimmed_fastqc.zip",
                "fastqc/trim/319093_trimmed_1_val_1_fastqc.html",
                "fastqc/trim/319093_trimmed_1_val_1_fastqc.zip",
                "fastqc/trim/319093_trimmed_2_val_2_fastqc.html",
                "fastqc/trim/319093_trimmed_2_val_2_fastqc.zip",
                "fq_lint",
                "fq_lint/bbsplit",
                "fq_lint/bbsplit/298098.fq_lint.txt",
                "fq_lint/bbsplit/298504.fq_lint.txt",
                "fq_lint/bbsplit/317960.fq_lint.txt",
                "fq_lint/bbsplit/319093.fq_lint.txt",
                "fq_lint/raw",
                "fq_lint/raw/298098.fq_lint.txt",
                "fq_lint/raw/298504.fq_lint.txt",
                "fq_lint/raw/317960.fq_lint.txt",
                "fq_lint/raw/319093.fq_lint.txt",
                "fq_lint/trimmed",
                "fq_lint/trimmed/298098.fq_lint.txt",
                "fq_lint/trimmed/298504.fq_lint.txt",
                "fq_lint/trimmed/317960.fq_lint.txt",
                "fq_lint/trimmed/319093.fq_lint.txt",
                "multiqc",
                "multiqc/star_salmon",
                "multiqc/star_salmon/multiqc_report.html",
                "multiqc/star_salmon/multiqc_report_data",
                "multiqc/star_salmon/multiqc_report_data/bbmap-bbsplit_plot.txt",
                "multiqc/star_salmon/multiqc_report_data/bbmap.txt",
                "multiqc/star_salmon/multiqc_report_data/bbsplit_stats_table.txt",
                "multiqc/star_salmon/multiqc_report_data/cutadapt_filtered_reads_plot.txt",
                "multiqc/star_salmon/multiqc_report_data/cutadapt_trimmed_sequences_plot_3_Counts.txt",
                "multiqc/star_salmon/multiqc_report_data/cutadapt_trimmed_sequences_plot_3_Obs_Exp.txt",
                "multiqc/star_salmon/multiqc_report_data/fastqc_filtered-status-check-heatmap.txt",
                "multiqc/star_salmon/multiqc_report_data/fastqc_filtered_overrepresented_sequences_plot.txt",
                "multiqc/star_salmon/multiqc_report_data/fastqc_filtered_per_base_n_content_plot.txt",
                "multiqc/star_salmon/multiqc_report_data/fastqc_filtered_per_base_sequence_quality_plot.txt",
                "multiqc/star_salmon/multiqc_report_data/fastqc_filtered_per_sequence_gc_content_plot_Counts.txt",
                "multiqc/star_salmon/multiqc_report_data/fastqc_filtered_per_sequence_gc_content_plot_Percentages.txt",
                "multiqc/star_salmon/multiqc_report_data/fastqc_filtered_per_sequence_quality_scores_plot.txt",
                "multiqc/star_salmon/multiqc_report_data/fastqc_filtered_sequence_counts_plot.txt",
                "multiqc/star_salmon/multiqc_report_data/fastqc_filtered_sequence_duplication_levels_plot.txt",
                "multiqc/star_salmon/multiqc_report_data/fastqc_filtered_top_overrepresented_sequences_table.txt",
                "multiqc/star_salmon/multiqc_report_data/fastqc_raw-status-check-heatmap.txt",
                "multiqc/star_salmon/multiqc_report_data/fastqc_raw_adapter_content_plot.txt",
                "multiqc/star_salmon/multiqc_report_data/fastqc_raw_overrepresented_sequences_plot.txt",
                "multiqc/star_salmon/multiqc_report_data/fastqc_raw_per_base_n_content_plot.txt",
                "multiqc/star_salmon/multiqc_report_data/fastqc_raw_per_base_sequence_quality_plot.txt",
                "multiqc/star_salmon/multiqc_report_data/fastqc_raw_per_sequence_gc_content_plot_Counts.txt",
                "multiqc/star_salmon/multiqc_report_data/fastqc_raw_per_sequence_gc_content_plot_Percentages.txt",
                "multiqc/star_salmon/multiqc_report_data/fastqc_raw_per_sequence_quality_scores_plot.txt",
                "multiqc/star_salmon/multiqc_report_data/fastqc_raw_sequence_counts_plot.txt",
                "multiqc/star_salmon/multiqc_report_data/fastqc_raw_sequence_duplication_levels_plot.txt",
                "multiqc/star_salmon/multiqc_report_data/fastqc_raw_top_overrepresented_sequences_table.txt",
                "multiqc/star_salmon/multiqc_report_data/fastqc_sequence_length_distribution_plot.txt",
                "multiqc/star_salmon/multiqc_report_data/fastqc_trimmed-status-check-heatmap.txt",
                "multiqc/star_salmon/multiqc_report_data/fastqc_trimmed_overrepresented_sequences_plot.txt",
                "multiqc/star_salmon/multiqc_report_data/fastqc_trimmed_per_base_n_content_plot.txt",
                "multiqc/star_salmon/multiqc_report_data/fastqc_trimmed_per_base_sequence_quality_plot.txt",
                "multiqc/star_salmon/multiqc_report_data/fastqc_trimmed_per_sequence_gc_content_plot_Counts.txt",
                "multiqc/star_salmon/multiqc_report_data/fastqc_trimmed_per_sequence_gc_content_plot_Percentages.txt",
                "multiqc/star_salmon/multiqc_report_data/fastqc_trimmed_per_sequence_quality_scores_plot.txt",
                "multiqc/star_salmon/multiqc_report_data/fastqc_trimmed_sequence_counts_plot.txt",
                "multiqc/star_salmon/multiqc_report_data/fastqc_trimmed_sequence_duplication_levels_plot.txt",
                "multiqc/star_salmon/multiqc_report_data/fastqc_trimmed_top_overrepresented_sequences_table.txt",
                "multiqc/star_salmon/multiqc_report_data/junction_saturation_known.txt",
                "multiqc/star_salmon/multiqc_report_data/junction_saturation_novel.txt",
                "multiqc/star_salmon/multiqc_report_data/llms-full.txt",
                "multiqc/star_salmon/multiqc_report_data/multiqc.log",
                "multiqc/star_salmon/multiqc_report_data/multiqc.parquet",
                "multiqc/star_salmon/multiqc_report_data/multiqc_citations.txt",
                "multiqc/star_salmon/multiqc_report_data/multiqc_cutadapt.txt",
                "multiqc/star_salmon/multiqc_report_data/multiqc_data.json",
                "multiqc/star_salmon/multiqc_report_data/multiqc_dupradar.txt",
                "multiqc/star_salmon/multiqc_report_data/multiqc_fastqc_fastqc_filtered.txt",
                "multiqc/star_salmon/multiqc_report_data/multiqc_fastqc_fastqc_raw.txt",
                "multiqc/star_salmon/multiqc_report_data/multiqc_fastqc_fastqc_trimmed.txt",
                "multiqc/star_salmon/multiqc_report_data/multiqc_featurecounts_biotype_plot.txt",
                "multiqc/star_salmon/multiqc_report_data/multiqc_general_stats.txt",
                "multiqc/star_salmon/multiqc_report_data/multiqc_picard_dups.txt",
                "multiqc/star_salmon/multiqc_report_data/multiqc_rseqc_bam_stat.txt",
                "multiqc/star_salmon/multiqc_report_data/multiqc_rseqc_infer_experiment.txt",
                "multiqc/star_salmon/multiqc_report_data/multiqc_rseqc_junction_annotation.txt",
                "multiqc/star_salmon/multiqc_report_data/multiqc_rseqc_read_distribution.txt",
                "multiqc/star_salmon/multiqc_report_data/multiqc_salmon.txt",
                "multiqc/star_salmon/multiqc_report_data/multiqc_salmon_deseq2_clustering.txt",
                "multiqc/star_salmon/multiqc_report_data/multiqc_salmon_deseq2_pca.txt",
                "multiqc/star_salmon/multiqc_report_data/multiqc_samtools_flagstat.txt",
                "multiqc/star_salmon/multiqc_report_data/multiqc_samtools_idxstats.txt",
                "multiqc/star_salmon/multiqc_report_data/multiqc_samtools_stats.txt",
                "multiqc/star_salmon/multiqc_report_data/multiqc_software_versions.txt",
                "multiqc/star_salmon/multiqc_report_data/multiqc_sources.txt",
                "multiqc/star_salmon/multiqc_report_data/multiqc_star.txt",
                "multiqc/star_salmon/multiqc_report_data/multiqc_star_salmon_deseq2_clustering.txt",
                "multiqc/star_salmon/multiqc_report_data/multiqc_star_salmon_deseq2_pca.txt",
                "multiqc/star_salmon/multiqc_report_data/multiqc_strand_check_composition_bargraph.txt",
                "multiqc/star_salmon/multiqc_report_data/multiqc_strand_check_composition_bargraph_1.txt",
                "multiqc/star_salmon/multiqc_report_data/multiqc_strand_check_summary_table.txt",
                "multiqc/star_salmon/multiqc_report_data/picard_MarkIlluminaAdapters_histogram.txt",
                "multiqc/star_salmon/multiqc_report_data/picard_MeanQualityByCycle_histogram.txt",
                "multiqc/star_salmon/multiqc_report_data/picard_MeanQualityByCycle_histogram_1.txt",
                "multiqc/star_salmon/multiqc_report_data/picard_QualityScoreDistribution_histogram.txt",
                "multiqc/star_salmon/multiqc_report_data/picard_deduplication.txt",
                "multiqc/star_salmon/multiqc_report_data/qualimap_gene_coverage_profile_Counts.txt",
                "multiqc/star_salmon/multiqc_report_data/qualimap_gene_coverage_profile_Normalised.txt",
                "multiqc/star_salmon/multiqc_report_data/qualimap_genomic_origin.txt",
                "multiqc/star_salmon/multiqc_report_data/qualimap_rnaseq_cov_hist.txt",
                "multiqc/star_salmon/multiqc_report_data/qualimap_rnaseq_genome_results.txt",
                "multiqc/star_salmon/multiqc_report_data/rseqc_bam_stat.txt",
                "multiqc/star_salmon/multiqc_report_data/rseqc_infer_experiment_plot.txt",
                "multiqc/star_salmon/multiqc_report_data/rseqc_inner_distance.txt",
                "multiqc/star_salmon/multiqc_report_data/rseqc_inner_distance_plot_Counts.txt",
                "multiqc/star_salmon/multiqc_report_data/rseqc_inner_distance_plot_Percentages.txt",
                "multiqc/star_salmon/multiqc_report_data/rseqc_junction_annotation_junctions_plot_Events.txt",
                "multiqc/star_salmon/multiqc_report_data/rseqc_junction_annotation_junctions_plot_Junctions.txt",
                "multiqc/star_salmon/multiqc_report_data/rseqc_junction_saturation_all.txt",
                "multiqc/star_salmon/multiqc_report_data/rseqc_junction_saturation_plot_All_Junctions.txt",
                "multiqc/star_salmon/multiqc_report_data/rseqc_junction_saturation_plot_Known_Junctions.txt",
                "multiqc/star_salmon/multiqc_report_data/rseqc_junction_saturation_plot_Novel_Junctions.txt",
                "multiqc/star_salmon/multiqc_report_data/rseqc_read_distribution_plot.txt",
                "multiqc/star_salmon/multiqc_report_data/rseqc_read_dups.txt",
                "multiqc/star_salmon/multiqc_report_data/rseqc_read_dups_plot.txt",
                "multiqc/star_salmon/multiqc_report_data/salmon_plot.txt",
                "multiqc/star_salmon/multiqc_report_data/samtools-flagstat-pct-table.txt",
                "multiqc/star_salmon/multiqc_report_data/samtools-flagstat-table.txt",
                "multiqc/star_salmon/multiqc_report_data/samtools-idxstats-mapped-reads-plot_Normalised_Counts.txt",
                "multiqc/star_salmon/multiqc_report_data/samtools-idxstats-mapped-reads-plot_Observed_over_Expected_Counts.txt",
                "multiqc/star_salmon/multiqc_report_data/samtools-idxstats-mapped-reads-plot_Raw_Counts.txt",
                "multiqc/star_salmon/multiqc_report_data/samtools-stats-dp.txt",
                "multiqc/star_salmon/multiqc_report_data/samtools_alignment_plot.txt",
                "multiqc/star_salmon/multiqc_report_data/star_alignment_plot.txt",
                "multiqc/star_salmon/multiqc_report_data/star_summary_table.txt",
                "multiqc/star_salmon/multiqc_report_plots",
                "multiqc/star_salmon/multiqc_report_plots/pdf",
                "multiqc/star_salmon/multiqc_report_plots/pdf/bbmap-bbsplit_plot-cnt.pdf",
                "multiqc/star_salmon/multiqc_report_plots/pdf/bbmap-bbsplit_plot-pct.pdf",
                "multiqc/star_salmon/multiqc_report_plots/pdf/bbsplit_stats_table.pdf",
                "multiqc/star_salmon/multiqc_report_plots/pdf/cutadapt_filtered_reads_plot-cnt.pdf",
                "multiqc/star_salmon/multiqc_report_plots/pdf/cutadapt_filtered_reads_plot-pct.pdf",
                "multiqc/star_salmon/multiqc_report_plots/pdf/cutadapt_trimmed_sequences_plot_3_Counts.pdf",
                "multiqc/star_salmon/multiqc_report_plots/pdf/cutadapt_trimmed_sequences_plot_3_Obs_Exp.pdf",
                "multiqc/star_salmon/multiqc_report_plots/pdf/dupradar.pdf",
                "multiqc/star_salmon/multiqc_report_plots/pdf/fastqc_filtered-status-check-heatmap.pdf",
                "multiqc/star_salmon/multiqc_report_plots/pdf/fastqc_filtered_overrepresented_sequences_plot.pdf",
                "multiqc/star_salmon/multiqc_report_plots/pdf/fastqc_filtered_per_base_n_content_plot.pdf",
                "multiqc/star_salmon/multiqc_report_plots/pdf/fastqc_filtered_per_base_sequence_quality_plot.pdf",
                "multiqc/star_salmon/multiqc_report_plots/pdf/fastqc_filtered_per_sequence_gc_content_plot_Counts.pdf",
                "multiqc/star_salmon/multiqc_report_plots/pdf/fastqc_filtered_per_sequence_gc_content_plot_Percentages.pdf",
                "multiqc/star_salmon/multiqc_report_plots/pdf/fastqc_filtered_per_sequence_quality_scores_plot.pdf",
                "multiqc/star_salmon/multiqc_report_plots/pdf/fastqc_filtered_sequence_counts_plot-cnt.pdf",
                "multiqc/star_salmon/multiqc_report_plots/pdf/fastqc_filtered_sequence_counts_plot-pct.pdf",
                "multiqc/star_salmon/multiqc_report_plots/pdf/fastqc_filtered_sequence_duplication_levels_plot.pdf",
                "multiqc/star_salmon/multiqc_report_plots/pdf/fastqc_filtered_top_overrepresented_sequences_table.pdf",
                "multiqc/star_salmon/multiqc_report_plots/pdf/fastqc_raw-status-check-heatmap.pdf",
                "multiqc/star_salmon/multiqc_report_plots/pdf/fastqc_raw_adapter_content_plot.pdf",
                "multiqc/star_salmon/multiqc_report_plots/pdf/fastqc_raw_overrepresented_sequences_plot.pdf",
                "multiqc/star_salmon/multiqc_report_plots/pdf/fastqc_raw_per_base_n_content_plot.pdf",
                "multiqc/star_salmon/multiqc_report_plots/pdf/fastqc_raw_per_base_sequence_quality_plot.pdf",
                "multiqc/star_salmon/multiqc_report_plots/pdf/fastqc_raw_per_sequence_gc_content_plot_Counts.pdf",
                "multiqc/star_salmon/multiqc_report_plots/pdf/fastqc_raw_per_sequence_gc_content_plot_Percentages.pdf",
                "multiqc/star_salmon/multiqc_report_plots/pdf/fastqc_raw_per_sequence_quality_scores_plot.pdf",
                "multiqc/star_salmon/multiqc_report_plots/pdf/fastqc_raw_sequence_counts_plot-cnt.pdf",
                "multiqc/star_salmon/multiqc_report_plots/pdf/fastqc_raw_sequence_counts_plot-pct.pdf",
                "multiqc/star_salmon/multiqc_report_plots/pdf/fastqc_raw_sequence_duplication_levels_plot.pdf",
                "multiqc/star_salmon/multiqc_report_plots/pdf/fastqc_raw_top_overrepresented_sequences_table.pdf",
                "multiqc/star_salmon/multiqc_report_plots/pdf/fastqc_sequence_length_distribution_plot.pdf",
                "multiqc/star_salmon/multiqc_report_plots/pdf/fastqc_trimmed-status-check-heatmap.pdf",
                "multiqc/star_salmon/multiqc_report_plots/pdf/fastqc_trimmed_overrepresented_sequences_plot.pdf",
                "multiqc/star_salmon/multiqc_report_plots/pdf/fastqc_trimmed_per_base_n_content_plot.pdf",
                "multiqc/star_salmon/multiqc_report_plots/pdf/fastqc_trimmed_per_base_sequence_quality_plot.pdf",
                "multiqc/star_salmon/multiqc_report_plots/pdf/fastqc_trimmed_per_sequence_gc_content_plot_Counts.pdf",
                "multiqc/star_salmon/multiqc_report_plots/pdf/fastqc_trimmed_per_sequence_gc_content_plot_Percentages.pdf",
                "multiqc/star_salmon/multiqc_report_plots/pdf/fastqc_trimmed_per_sequence_quality_scores_plot.pdf",
                "multiqc/star_salmon/multiqc_report_plots/pdf/fastqc_trimmed_sequence_counts_plot-cnt.pdf",
                "multiqc/star_salmon/multiqc_report_plots/pdf/fastqc_trimmed_sequence_counts_plot-pct.pdf",
                "multiqc/star_salmon/multiqc_report_plots/pdf/fastqc_trimmed_sequence_duplication_levels_plot.pdf",
                "multiqc/star_salmon/multiqc_report_plots/pdf/fastqc_trimmed_top_overrepresented_sequences_table.pdf",
                "multiqc/star_salmon/multiqc_report_plots/pdf/featurecounts_biotype_plot-cnt.pdf",
                "multiqc/star_salmon/multiqc_report_plots/pdf/featurecounts_biotype_plot-pct.pdf",
                "multiqc/star_salmon/multiqc_report_plots/pdf/picard_deduplication-cnt.pdf",
                "multiqc/star_salmon/multiqc_report_plots/pdf/picard_deduplication-pct.pdf",
                "multiqc/star_salmon/multiqc_report_plots/pdf/qualimap_gene_coverage_profile_Counts.pdf",
                "multiqc/star_salmon/multiqc_report_plots/pdf/qualimap_gene_coverage_profile_Normalised.pdf",
                "multiqc/star_salmon/multiqc_report_plots/pdf/qualimap_genomic_origin-cnt.pdf",
                "multiqc/star_salmon/multiqc_report_plots/pdf/qualimap_genomic_origin-pct.pdf",
                "multiqc/star_salmon/multiqc_report_plots/pdf/rseqc_bam_stat.pdf",
                "multiqc/star_salmon/multiqc_report_plots/pdf/rseqc_infer_experiment_plot.pdf",
                "multiqc/star_salmon/multiqc_report_plots/pdf/rseqc_inner_distance_plot_Counts.pdf",
                "multiqc/star_salmon/multiqc_report_plots/pdf/rseqc_inner_distance_plot_Percentages.pdf",
                "multiqc/star_salmon/multiqc_report_plots/pdf/rseqc_junction_annotation_junctions_plot_Events-cnt.pdf",
                "multiqc/star_salmon/multiqc_report_plots/pdf/rseqc_junction_annotation_junctions_plot_Events-pct.pdf",
                "multiqc/star_salmon/multiqc_report_plots/pdf/rseqc_junction_annotation_junctions_plot_Junctions-cnt.pdf",
                "multiqc/star_salmon/multiqc_report_plots/pdf/rseqc_junction_annotation_junctions_plot_Junctions-pct.pdf",
                "multiqc/star_salmon/multiqc_report_plots/pdf/rseqc_junction_saturation_plot_All_Junctions.pdf",
                "multiqc/star_salmon/multiqc_report_plots/pdf/rseqc_junction_saturation_plot_Known_Junctions.pdf",
                "multiqc/star_salmon/multiqc_report_plots/pdf/rseqc_junction_saturation_plot_Novel_Junctions.pdf",
                "multiqc/star_salmon/multiqc_report_plots/pdf/rseqc_read_distribution_plot-cnt.pdf",
                "multiqc/star_salmon/multiqc_report_plots/pdf/rseqc_read_distribution_plot-pct.pdf",
                "multiqc/star_salmon/multiqc_report_plots/pdf/rseqc_read_dups_plot.pdf",
                "multiqc/star_salmon/multiqc_report_plots/pdf/salmon_deseq2_clustering.pdf",
                "multiqc/star_salmon/multiqc_report_plots/pdf/salmon_deseq2_pca.pdf",
                "multiqc/star_salmon/multiqc_report_plots/pdf/salmon_plot.pdf",
                "multiqc/star_salmon/multiqc_report_plots/pdf/samtools-flagstat-pct-table.pdf",
                "multiqc/star_salmon/multiqc_report_plots/pdf/samtools-flagstat-table.pdf",
                "multiqc/star_salmon/multiqc_report_plots/pdf/samtools-idxstats-mapped-reads-plot_Normalised_Counts-cnt.pdf",
                "multiqc/star_salmon/multiqc_report_plots/pdf/samtools-idxstats-mapped-reads-plot_Normalised_Counts-log.pdf",
                "multiqc/star_salmon/multiqc_report_plots/pdf/samtools-idxstats-mapped-reads-plot_Observed_over_Expected_Counts-cnt.pdf",
                "multiqc/star_salmon/multiqc_report_plots/pdf/samtools-idxstats-mapped-reads-plot_Observed_over_Expected_Counts-log.pdf",
                "multiqc/star_salmon/multiqc_report_plots/pdf/samtools-idxstats-mapped-reads-plot_Raw_Counts-cnt.pdf",
                "multiqc/star_salmon/multiqc_report_plots/pdf/samtools-idxstats-mapped-reads-plot_Raw_Counts-log.pdf",
                "multiqc/star_salmon/multiqc_report_plots/pdf/samtools-stats-dp.pdf",
                "multiqc/star_salmon/multiqc_report_plots/pdf/samtools_alignment_plot-cnt.pdf",
                "multiqc/star_salmon/multiqc_report_plots/pdf/samtools_alignment_plot-pct.pdf",
                "multiqc/star_salmon/multiqc_report_plots/pdf/star_alignment_plot-cnt.pdf",
                "multiqc/star_salmon/multiqc_report_plots/pdf/star_alignment_plot-pct.pdf",
                "multiqc/star_salmon/multiqc_report_plots/pdf/star_salmon_deseq2_clustering.pdf",
                "multiqc/star_salmon/multiqc_report_plots/pdf/star_salmon_deseq2_pca.pdf",
                "multiqc/star_salmon/multiqc_report_plots/pdf/star_summary_table.pdf",
                "multiqc/star_salmon/multiqc_report_plots/pdf/strand_check_composition_bargraph_RSeQC.pdf",
                "multiqc/star_salmon/multiqc_report_plots/pdf/strand_check_composition_bargraph_Salmon.pdf",
                "multiqc/star_salmon/multiqc_report_plots/pdf/strand_check_summary_table.pdf",
                "multiqc/star_salmon/multiqc_report_plots/png",
                "multiqc/star_salmon/multiqc_report_plots/png/bbmap-bbsplit_plot-cnt.png",
                "multiqc/star_salmon/multiqc_report_plots/png/bbmap-bbsplit_plot-pct.png",
                "multiqc/star_salmon/multiqc_report_plots/png/bbsplit_stats_table.png",
                "multiqc/star_salmon/multiqc_report_plots/png/cutadapt_filtered_reads_plot-cnt.png",
                "multiqc/star_salmon/multiqc_report_plots/png/cutadapt_filtered_reads_plot-pct.png",
                "multiqc/star_salmon/multiqc_report_plots/png/cutadapt_trimmed_sequences_plot_3_Counts.png",
                "multiqc/star_salmon/multiqc_report_plots/png/cutadapt_trimmed_sequences_plot_3_Obs_Exp.png",
                "multiqc/star_salmon/multiqc_report_plots/png/dupradar.png",
                "multiqc/star_salmon/multiqc_report_plots/png/fastqc_filtered-status-check-heatmap.png",
                "multiqc/star_salmon/multiqc_report_plots/png/fastqc_filtered_overrepresented_sequences_plot.png",
                "multiqc/star_salmon/multiqc_report_plots/png/fastqc_filtered_per_base_n_content_plot.png",
                "multiqc/star_salmon/multiqc_report_plots/png/fastqc_filtered_per_base_sequence_quality_plot.png",
                "multiqc/star_salmon/multiqc_report_plots/png/fastqc_filtered_per_sequence_gc_content_plot_Counts.png",
                "multiqc/star_salmon/multiqc_report_plots/png/fastqc_filtered_per_sequence_gc_content_plot_Percentages.png",
                "multiqc/star_salmon/multiqc_report_plots/png/fastqc_filtered_per_sequence_quality_scores_plot.png",
                "multiqc/star_salmon/multiqc_report_plots/png/fastqc_filtered_sequence_counts_plot-cnt.png",
                "multiqc/star_salmon/multiqc_report_plots/png/fastqc_filtered_sequence_counts_plot-pct.png",
                "multiqc/star_salmon/multiqc_report_plots/png/fastqc_filtered_sequence_duplication_levels_plot.png",
                "multiqc/star_salmon/multiqc_report_plots/png/fastqc_filtered_top_overrepresented_sequences_table.png",
                "multiqc/star_salmon/multiqc_report_plots/png/fastqc_raw-status-check-heatmap.png",
                "multiqc/star_salmon/multiqc_report_plots/png/fastqc_raw_adapter_content_plot.png",
                "multiqc/star_salmon/multiqc_report_plots/png/fastqc_raw_overrepresented_sequences_plot.png",
                "multiqc/star_salmon/multiqc_report_plots/png/fastqc_raw_per_base_n_content_plot.png",
                "multiqc/star_salmon/multiqc_report_plots/png/fastqc_raw_per_base_sequence_quality_plot.png",
                "multiqc/star_salmon/multiqc_report_plots/png/fastqc_raw_per_sequence_gc_content_plot_Counts.png",
                "multiqc/star_salmon/multiqc_report_plots/png/fastqc_raw_per_sequence_gc_content_plot_Percentages.png",
                "multiqc/star_salmon/multiqc_report_plots/png/fastqc_raw_per_sequence_quality_scores_plot.png",
                "multiqc/star_salmon/multiqc_report_plots/png/fastqc_raw_sequence_counts_plot-cnt.png",
                "multiqc/star_salmon/multiqc_report_plots/png/fastqc_raw_sequence_counts_plot-pct.png",
                "multiqc/star_salmon/multiqc_report_plots/png/fastqc_raw_sequence_duplication_levels_plot.png",
                "multiqc/star_salmon/multiqc_report_plots/png/fastqc_raw_top_overrepresented_sequences_table.png",
                "multiqc/star_salmon/multiqc_report_plots/png/fastqc_sequence_length_distribution_plot.png",
                "multiqc/star_salmon/multiqc_report_plots/png/fastqc_trimmed-status-check-heatmap.png",
                "multiqc/star_salmon/multiqc_report_plots/png/fastqc_trimmed_overrepresented_sequences_plot.png",
                "multiqc/star_salmon/multiqc_report_plots/png/fastqc_trimmed_per_base_n_content_plot.png",
                "multiqc/star_salmon/multiqc_report_plots/png/fastqc_trimmed_per_base_sequence_quality_plot.png",
                "multiqc/star_salmon/multiqc_report_plots/png/fastqc_trimmed_per_sequence_gc_content_plot_Counts.png",
                "multiqc/star_salmon/multiqc_report_plots/png/fastqc_trimmed_per_sequence_gc_content_plot_Percentages.png",
                "multiqc/star_salmon/multiqc_report_plots/png/fastqc_trimmed_per_sequence_quality_scores_plot.png",
                "multiqc/star_salmon/multiqc_report_plots/png/fastqc_trimmed_sequence_counts_plot-cnt.png",
                "multiqc/star_salmon/multiqc_report_plots/png/fastqc_trimmed_sequence_counts_plot-pct.png",
                "multiqc/star_salmon/multiqc_report_plots/png/fastqc_trimmed_sequence_duplication_levels_plot.png",
                "multiqc/star_salmon/multiqc_report_plots/png/fastqc_trimmed_top_overrepresented_sequences_table.png",
                "multiqc/star_salmon/multiqc_report_plots/png/featurecounts_biotype_plot-cnt.png",
                "multiqc/star_salmon/multiqc_report_plots/png/featurecounts_biotype_plot-pct.png",
                "multiqc/star_salmon/multiqc_report_plots/png/picard_deduplication-cnt.png",
                "multiqc/star_salmon/multiqc_report_plots/png/picard_deduplication-pct.png",
                "multiqc/star_salmon/multiqc_report_plots/png/qualimap_gene_coverage_profile_Counts.png",
                "multiqc/star_salmon/multiqc_report_plots/png/qualimap_gene_coverage_profile_Normalised.png",
                "multiqc/star_salmon/multiqc_report_plots/png/qualimap_genomic_origin-cnt.png",
                "multiqc/star_salmon/multiqc_report_plots/png/qualimap_genomic_origin-pct.png",
                "multiqc/star_salmon/multiqc_report_plots/png/rseqc_bam_stat.png",
                "multiqc/star_salmon/multiqc_report_plots/png/rseqc_infer_experiment_plot.png",
                "multiqc/star_salmon/multiqc_report_plots/png/rseqc_inner_distance_plot_Counts.png",
                "multiqc/star_salmon/multiqc_report_plots/png/rseqc_inner_distance_plot_Percentages.png",
                "multiqc/star_salmon/multiqc_report_plots/png/rseqc_junction_annotation_junctions_plot_Events-cnt.png",
                "multiqc/star_salmon/multiqc_report_plots/png/rseqc_junction_annotation_junctions_plot_Events-pct.png",
                "multiqc/star_salmon/multiqc_report_plots/png/rseqc_junction_annotation_junctions_plot_Junctions-cnt.png",
                "multiqc/star_salmon/multiqc_report_plots/png/rseqc_junction_annotation_junctions_plot_Junctions-pct.png",
                "multiqc/star_salmon/multiqc_report_plots/png/rseqc_junction_saturation_plot_All_Junctions.png",
                "multiqc/star_salmon/multiqc_report_plots/png/rseqc_junction_saturation_plot_Known_Junctions.png",
                "multiqc/star_salmon/multiqc_report_plots/png/rseqc_junction_saturation_plot_Novel_Junctions.png",
                "multiqc/star_salmon/multiqc_report_plots/png/rseqc_read_distribution_plot-cnt.png",
                "multiqc/star_salmon/multiqc_report_plots/png/rseqc_read_distribution_plot-pct.png",
                "multiqc/star_salmon/multiqc_report_plots/png/rseqc_read_dups_plot.png",
                "multiqc/star_salmon/multiqc_report_plots/png/salmon_deseq2_clustering.png",
                "multiqc/star_salmon/multiqc_report_plots/png/salmon_deseq2_pca.png",
                "multiqc/star_salmon/multiqc_report_plots/png/salmon_plot.png",
                "multiqc/star_salmon/multiqc_report_plots/png/samtools-flagstat-pct-table.png",
                "multiqc/star_salmon/multiqc_report_plots/png/samtools-flagstat-table.png",
                "multiqc/star_salmon/multiqc_report_plots/png/samtools-idxstats-mapped-reads-plot_Normalised_Counts-cnt.png",
                "multiqc/star_salmon/multiqc_report_plots/png/samtools-idxstats-mapped-reads-plot_Normalised_Counts-log.png",
                "multiqc/star_salmon/multiqc_report_plots/png/samtools-idxstats-mapped-reads-plot_Observed_over_Expected_Counts-cnt.png",
                "multiqc/star_salmon/multiqc_report_plots/png/samtools-idxstats-mapped-reads-plot_Observed_over_Expected_Counts-log.png",
                "multiqc/star_salmon/multiqc_report_plots/png/samtools-idxstats-mapped-reads-plot_Raw_Counts-cnt.png",
                "multiqc/star_salmon/multiqc_report_plots/png/samtools-idxstats-mapped-reads-plot_Raw_Counts-log.png",
                "multiqc/star_salmon/multiqc_report_plots/png/samtools-stats-dp.png",
                "multiqc/star_salmon/multiqc_report_plots/png/samtools_alignment_plot-cnt.png",
                "multiqc/star_salmon/multiqc_report_plots/png/samtools_alignment_plot-pct.png",
                "multiqc/star_salmon/multiqc_report_plots/png/star_alignment_plot-cnt.png",
                "multiqc/star_salmon/multiqc_report_plots/png/star_alignment_plot-pct.png",
                "multiqc/star_salmon/multiqc_report_plots/png/star_salmon_deseq2_clustering.png",
                "multiqc/star_salmon/multiqc_report_plots/png/star_salmon_deseq2_pca.png",
                "multiqc/star_salmon/multiqc_report_plots/png/star_summary_table.png",
                "multiqc/star_salmon/multiqc_report_plots/png/strand_check_composition_bargraph_RSeQC.png",
                "multiqc/star_salmon/multiqc_report_plots/png/strand_check_composition_bargraph_Salmon.png",
                "multiqc/star_salmon/multiqc_report_plots/png/strand_check_summary_table.png",
                "multiqc/star_salmon/multiqc_report_plots/svg",
                "multiqc/star_salmon/multiqc_report_plots/svg/bbmap-bbsplit_plot-cnt.svg",
                "multiqc/star_salmon/multiqc_report_plots/svg/bbmap-bbsplit_plot-pct.svg",
                "multiqc/star_salmon/multiqc_report_plots/svg/bbsplit_stats_table.svg",
                "multiqc/star_salmon/multiqc_report_plots/svg/cutadapt_filtered_reads_plot-cnt.svg",
                "multiqc/star_salmon/multiqc_report_plots/svg/cutadapt_filtered_reads_plot-pct.svg",
                "multiqc/star_salmon/multiqc_report_plots/svg/cutadapt_trimmed_sequences_plot_3_Counts.svg",
                "multiqc/star_salmon/multiqc_report_plots/svg/cutadapt_trimmed_sequences_plot_3_Obs_Exp.svg",
                "multiqc/star_salmon/multiqc_report_plots/svg/dupradar.svg",
                "multiqc/star_salmon/multiqc_report_plots/svg/fastqc_filtered-status-check-heatmap.svg",
                "multiqc/star_salmon/multiqc_report_plots/svg/fastqc_filtered_overrepresented_sequences_plot.svg",
                "multiqc/star_salmon/multiqc_report_plots/svg/fastqc_filtered_per_base_n_content_plot.svg",
                "multiqc/star_salmon/multiqc_report_plots/svg/fastqc_filtered_per_base_sequence_quality_plot.svg",
                "multiqc/star_salmon/multiqc_report_plots/svg/fastqc_filtered_per_sequence_gc_content_plot_Counts.svg",
                "multiqc/star_salmon/multiqc_report_plots/svg/fastqc_filtered_per_sequence_gc_content_plot_Percentages.svg",
                "multiqc/star_salmon/multiqc_report_plots/svg/fastqc_filtered_per_sequence_quality_scores_plot.svg",
                "multiqc/star_salmon/multiqc_report_plots/svg/fastqc_filtered_sequence_counts_plot-cnt.svg",
                "multiqc/star_salmon/multiqc_report_plots/svg/fastqc_filtered_sequence_counts_plot-pct.svg",
                "multiqc/star_salmon/multiqc_report_plots/svg/fastqc_filtered_sequence_duplication_levels_plot.svg",
                "multiqc/star_salmon/multiqc_report_plots/svg/fastqc_filtered_top_overrepresented_sequences_table.svg",
                "multiqc/star_salmon/multiqc_report_plots/svg/fastqc_raw-status-check-heatmap.svg",
                "multiqc/star_salmon/multiqc_report_plots/svg/fastqc_raw_adapter_content_plot.svg",
                "multiqc/star_salmon/multiqc_report_plots/svg/fastqc_raw_overrepresented_sequences_plot.svg",
                "multiqc/star_salmon/multiqc_report_plots/svg/fastqc_raw_per_base_n_content_plot.svg",
                "multiqc/star_salmon/multiqc_report_plots/svg/fastqc_raw_per_base_sequence_quality_plot.svg",
                "multiqc/star_salmon/multiqc_report_plots/svg/fastqc_raw_per_sequence_gc_content_plot_Counts.svg",
                "multiqc/star_salmon/multiqc_report_plots/svg/fastqc_raw_per_sequence_gc_content_plot_Percentages.svg",
                "multiqc/star_salmon/multiqc_report_plots/svg/fastqc_raw_per_sequence_quality_scores_plot.svg",
                "multiqc/star_salmon/multiqc_report_plots/svg/fastqc_raw_sequence_counts_plot-cnt.svg",
                "multiqc/star_salmon/multiqc_report_plots/svg/fastqc_raw_sequence_counts_plot-pct.svg",
                "multiqc/star_salmon/multiqc_report_plots/svg/fastqc_raw_sequence_duplication_levels_plot.svg",
                "multiqc/star_salmon/multiqc_report_plots/svg/fastqc_raw_top_overrepresented_sequences_table.svg",
                "multiqc/star_salmon/multiqc_report_plots/svg/fastqc_sequence_length_distribution_plot.svg",
                "multiqc/star_salmon/multiqc_report_plots/svg/fastqc_trimmed-status-check-heatmap.svg",
                "multiqc/star_salmon/multiqc_report_plots/svg/fastqc_trimmed_overrepresented_sequences_plot.svg",
                "multiqc/star_salmon/multiqc_report_plots/svg/fastqc_trimmed_per_base_n_content_plot.svg",
                "multiqc/star_salmon/multiqc_report_plots/svg/fastqc_trimmed_per_base_sequence_quality_plot.svg",
                "multiqc/star_salmon/multiqc_report_plots/svg/fastqc_trimmed_per_sequence_gc_content_plot_Counts.svg",
                "multiqc/star_salmon/multiqc_report_plots/svg/fastqc_trimmed_per_sequence_gc_content_plot_Percentages.svg",
                "multiqc/star_salmon/multiqc_report_plots/svg/fastqc_trimmed_per_sequence_quality_scores_plot.svg",
                "multiqc/star_salmon/multiqc_report_plots/svg/fastqc_trimmed_sequence_counts_plot-cnt.svg",
                "multiqc/star_salmon/multiqc_report_plots/svg/fastqc_trimmed_sequence_counts_plot-pct.svg",
                "multiqc/star_salmon/multiqc_report_plots/svg/fastqc_trimmed_sequence_duplication_levels_plot.svg",
                "multiqc/star_salmon/multiqc_report_plots/svg/fastqc_trimmed_top_overrepresented_sequences_table.svg",
                "multiqc/star_salmon/multiqc_report_plots/svg/featurecounts_biotype_plot-cnt.svg",
                "multiqc/star_salmon/multiqc_report_plots/svg/featurecounts_biotype_plot-pct.svg",
                "multiqc/star_salmon/multiqc_report_plots/svg/picard_deduplication-cnt.svg",
                "multiqc/star_salmon/multiqc_report_plots/svg/picard_deduplication-pct.svg",
                "multiqc/star_salmon/multiqc_report_plots/svg/qualimap_gene_coverage_profile_Counts.svg",
                "multiqc/star_salmon/multiqc_report_plots/svg/qualimap_gene_coverage_profile_Normalised.svg",
                "multiqc/star_salmon/multiqc_report_plots/svg/qualimap_genomic_origin-cnt.svg",
                "multiqc/star_salmon/multiqc_report_plots/svg/qualimap_genomic_origin-pct.svg",
                "multiqc/star_salmon/multiqc_report_plots/svg/rseqc_bam_stat.svg",
                "multiqc/star_salmon/multiqc_report_plots/svg/rseqc_infer_experiment_plot.svg",
                "multiqc/star_salmon/multiqc_report_plots/svg/rseqc_inner_distance_plot_Counts.svg",
                "multiqc/star_salmon/multiqc_report_plots/svg/rseqc_inner_distance_plot_Percentages.svg",
                "multiqc/star_salmon/multiqc_report_plots/svg/rseqc_junction_annotation_junctions_plot_Events-cnt.svg",
                "multiqc/star_salmon/multiqc_report_plots/svg/rseqc_junction_annotation_junctions_plot_Events-pct.svg",
                "multiqc/star_salmon/multiqc_report_plots/svg/rseqc_junction_annotation_junctions_plot_Junctions-cnt.svg",
                "multiqc/star_salmon/multiqc_report_plots/svg/rseqc_junction_annotation_junctions_plot_Junctions-pct.svg",
                "multiqc/star_salmon/multiqc_report_plots/svg/rseqc_junction_saturation_plot_All_Junctions.svg",
                "multiqc/star_salmon/multiqc_report_plots/svg/rseqc_junction_saturation_plot_Known_Junctions.svg",
                "multiqc/star_salmon/multiqc_report_plots/svg/rseqc_junction_saturation_plot_Novel_Junctions.svg",
                "multiqc/star_salmon/multiqc_report_plots/svg/rseqc_read_distribution_plot-cnt.svg",
                "multiqc/star_salmon/multiqc_report_plots/svg/rseqc_read_distribution_plot-pct.svg",
                "multiqc/star_salmon/multiqc_report_plots/svg/rseqc_read_dups_plot.svg",
                "multiqc/star_salmon/multiqc_report_plots/svg/salmon_deseq2_clustering.svg",
                "multiqc/star_salmon/multiqc_report_plots/svg/salmon_deseq2_pca.svg",
                "multiqc/star_salmon/multiqc_report_plots/svg/salmon_plot.svg",
                "multiqc/star_salmon/multiqc_report_plots/svg/samtools-flagstat-pct-table.svg",
                "multiqc/star_salmon/multiqc_report_plots/svg/samtools-flagstat-table.svg",
                "multiqc/star_salmon/multiqc_report_plots/svg/samtools-idxstats-mapped-reads-plot_Normalised_Counts-cnt.svg",
                "multiqc/star_salmon/multiqc_report_plots/svg/samtools-idxstats-mapped-reads-plot_Normalised_Counts-log.svg",
                "multiqc/star_salmon/multiqc_report_plots/svg/samtools-idxstats-mapped-reads-plot_Observed_over_Expected_Counts-cnt.svg",
                "multiqc/star_salmon/multiqc_report_plots/svg/samtools-idxstats-mapped-reads-plot_Observed_over_Expected_Counts-log.svg",
                "multiqc/star_salmon/multiqc_report_plots/svg/samtools-idxstats-mapped-reads-plot_Raw_Counts-cnt.svg",
                "multiqc/star_salmon/multiqc_report_plots/svg/samtools-idxstats-mapped-reads-plot_Raw_Counts-log.svg",
                "multiqc/star_salmon/multiqc_report_plots/svg/samtools-stats-dp.svg",
                "multiqc/star_salmon/multiqc_report_plots/svg/samtools_alignment_plot-cnt.svg",
                "multiqc/star_salmon/multiqc_report_plots/svg/samtools_alignment_plot-pct.svg",
                "multiqc/star_salmon/multiqc_report_plots/svg/star_alignment_plot-cnt.svg",
                "multiqc/star_salmon/multiqc_report_plots/svg/star_alignment_plot-pct.svg",
                "multiqc/star_salmon/multiqc_report_plots/svg/star_salmon_deseq2_clustering.svg",
                "multiqc/star_salmon/multiqc_report_plots/svg/star_salmon_deseq2_pca.svg",
                "multiqc/star_salmon/multiqc_report_plots/svg/star_summary_table.svg",
                "multiqc/star_salmon/multiqc_report_plots/svg/strand_check_composition_bargraph_RSeQC.svg",
                "multiqc/star_salmon/multiqc_report_plots/svg/strand_check_composition_bargraph_Salmon.svg",
                "multiqc/star_salmon/multiqc_report_plots/svg/strand_check_summary_table.svg",
                "pipeline_info",
                "pipeline_info/nf_core_rnaseq_software_mqc_versions.yml",
                "salmon",
                "salmon/298098",
                "salmon/298098/aux_info",
                "salmon/298098/aux_info/ambig_info.tsv",
                "salmon/298098/aux_info/expected_bias.gz",
                "salmon/298098/aux_info/fld.gz",
                "salmon/298098/aux_info/meta_info.json",
                "salmon/298098/aux_info/observed_bias.gz",
                "salmon/298098/aux_info/observed_bias_3p.gz",
                "salmon/298098/cmd_info.json",
                "salmon/298098/libParams",
                "salmon/298098/libParams/flenDist.txt",
                "salmon/298098/lib_format_counts.json",
                "salmon/298098/logs",
                "salmon/298098/logs/salmon_quant.log",
                "salmon/298098/quant.genes.sf",
                "salmon/298098/quant.sf",
                "salmon/298504",
                "salmon/298504/aux_info",
                "salmon/298504/aux_info/ambig_info.tsv",
                "salmon/298504/aux_info/expected_bias.gz",
                "salmon/298504/aux_info/fld.gz",
                "salmon/298504/aux_info/meta_info.json",
                "salmon/298504/aux_info/observed_bias.gz",
                "salmon/298504/aux_info/observed_bias_3p.gz",
                "salmon/298504/cmd_info.json",
                "salmon/298504/libParams",
                "salmon/298504/libParams/flenDist.txt",
                "salmon/298504/lib_format_counts.json",
                "salmon/298504/logs",
                "salmon/298504/logs/salmon_quant.log",
                "salmon/298504/quant.genes.sf",
                "salmon/298504/quant.sf",
                "salmon/317960",
                "salmon/317960/aux_info",
                "salmon/317960/aux_info/ambig_info.tsv",
                "salmon/317960/aux_info/expected_bias.gz",
                "salmon/317960/aux_info/fld.gz",
                "salmon/317960/aux_info/meta_info.json",
                "salmon/317960/aux_info/observed_bias.gz",
                "salmon/317960/aux_info/observed_bias_3p.gz",
                "salmon/317960/cmd_info.json",
                "salmon/317960/libParams",
                "salmon/317960/libParams/flenDist.txt",
                "salmon/317960/lib_format_counts.json",
                "salmon/317960/logs",
                "salmon/317960/logs/salmon_quant.log",
                "salmon/317960/quant.genes.sf",
                "salmon/317960/quant.sf",
                "salmon/319093",
                "salmon/319093/aux_info",
                "salmon/319093/aux_info/ambig_info.tsv",
                "salmon/319093/aux_info/expected_bias.gz",
                "salmon/319093/aux_info/fld.gz",
                "salmon/319093/aux_info/meta_info.json",
                "salmon/319093/aux_info/observed_bias.gz",
                "salmon/319093/aux_info/observed_bias_3p.gz",
                "salmon/319093/cmd_info.json",
                "salmon/319093/libParams",
                "salmon/319093/libParams/flenDist.txt",
                "salmon/319093/lib_format_counts.json",
                "salmon/319093/logs",
                "salmon/319093/logs/salmon_quant.log",
                "salmon/319093/quant.genes.sf",
                "salmon/319093/quant.sf",
                "salmon/deseq2_qc",
                "salmon/deseq2_qc/R_sessionInfo.log",
                "salmon/deseq2_qc/deseq2.dds.RData",
                "salmon/deseq2_qc/deseq2.pca.vals.txt",
                "salmon/deseq2_qc/deseq2.plots.pdf",
                "salmon/deseq2_qc/deseq2.sample.dists.txt",
                "salmon/deseq2_qc/size_factors",
                "salmon/deseq2_qc/size_factors/298098.txt",
                "salmon/deseq2_qc/size_factors/298504.txt",
                "salmon/deseq2_qc/size_factors/317960.txt",
                "salmon/deseq2_qc/size_factors/319093.txt",
                "salmon/deseq2_qc/size_factors/deseq2.size_factors.RData",
                "salmon/salmon.merged.gene.SummarizedExperiment.rds",
                "salmon/salmon.merged.gene_counts.tsv",
                "salmon/salmon.merged.gene_counts_length_scaled.tsv",
                "salmon/salmon.merged.gene_counts_scaled.tsv",
                "salmon/salmon.merged.gene_lengths.tsv",
                "salmon/salmon.merged.gene_tpm.tsv",
                "salmon/salmon.merged.transcript.SummarizedExperiment.rds",
                "salmon/salmon.merged.transcript_counts.tsv",
                "salmon/salmon.merged.transcript_lengths.tsv",
                "salmon/salmon.merged.transcript_tpm.tsv",
                "salmon/salmon.merged.tx2gene.tsv",
                "salmon/salmon.merged.tx2gene_augmented.tsv",
                "star_salmon",
                "star_salmon/298098",
                "star_salmon/298098.markdup.sorted.bam",
                "star_salmon/298098.markdup.sorted.bam.bai",
                "star_salmon/298098/aux_info",
                "star_salmon/298098/aux_info/ambig_info.tsv",
                "star_salmon/298098/aux_info/expected_bias.gz",
                "star_salmon/298098/aux_info/fld.gz",
                "star_salmon/298098/aux_info/meta_info.json",
                "star_salmon/298098/aux_info/observed_bias.gz",
                "star_salmon/298098/aux_info/observed_bias_3p.gz",
                "star_salmon/298098/cmd_info.json",
                "star_salmon/298098/libParams",
                "star_salmon/298098/libParams/flenDist.txt",
                "star_salmon/298098/logs",
                "star_salmon/298098/logs/salmon_quant.log",
                "star_salmon/298098/quant.genes.sf",
                "star_salmon/298098/quant.sf",
                "star_salmon/298504",
                "star_salmon/298504.markdup.sorted.bam",
                "star_salmon/298504.markdup.sorted.bam.bai",
                "star_salmon/298504/aux_info",
                "star_salmon/298504/aux_info/ambig_info.tsv",
                "star_salmon/298504/aux_info/expected_bias.gz",
                "star_salmon/298504/aux_info/fld.gz",
                "star_salmon/298504/aux_info/meta_info.json",
                "star_salmon/298504/aux_info/observed_bias.gz",
                "star_salmon/298504/aux_info/observed_bias_3p.gz",
                "star_salmon/298504/cmd_info.json",
                "star_salmon/298504/libParams",
                "star_salmon/298504/libParams/flenDist.txt",
                "star_salmon/298504/logs",
                "star_salmon/298504/logs/salmon_quant.log",
                "star_salmon/298504/quant.genes.sf",
                "star_salmon/298504/quant.sf",
                "star_salmon/317960",
                "star_salmon/317960.markdup.sorted.bam",
                "star_salmon/317960.markdup.sorted.bam.bai",
                "star_salmon/317960/aux_info",
                "star_salmon/317960/aux_info/ambig_info.tsv",
                "star_salmon/317960/aux_info/expected_bias.gz",
                "star_salmon/317960/aux_info/fld.gz",
                "star_salmon/317960/aux_info/meta_info.json",
                "star_salmon/317960/aux_info/observed_bias.gz",
                "star_salmon/317960/aux_info/observed_bias_3p.gz",
                "star_salmon/317960/cmd_info.json",
                "star_salmon/317960/libParams",
                "star_salmon/317960/libParams/flenDist.txt",
                "star_salmon/317960/logs",
                "star_salmon/317960/logs/salmon_quant.log",
                "star_salmon/317960/quant.genes.sf",
                "star_salmon/317960/quant.sf",
                "star_salmon/319093",
                "star_salmon/319093.markdup.sorted.bam",
                "star_salmon/319093.markdup.sorted.bam.bai",
                "star_salmon/319093/aux_info",
                "star_salmon/319093/aux_info/ambig_info.tsv",
                "star_salmon/319093/aux_info/expected_bias.gz",
                "star_salmon/319093/aux_info/fld.gz",
                "star_salmon/319093/aux_info/meta_info.json",
                "star_salmon/319093/aux_info/observed_bias.gz",
                "star_salmon/319093/aux_info/observed_bias_3p.gz",
                "star_salmon/319093/cmd_info.json",
                "star_salmon/319093/libParams",
                "star_salmon/319093/libParams/flenDist.txt",
                "star_salmon/319093/logs",
                "star_salmon/319093/logs/salmon_quant.log",
                "star_salmon/319093/quant.genes.sf",
                "star_salmon/319093/quant.sf",
                "star_salmon/bigwig",
                "star_salmon/bigwig/298098.bigWig",
                "star_salmon/bigwig/298098.forward.bigWig",
                "star_salmon/bigwig/298098.reverse.bigWig",
                "star_salmon/bigwig/298504.bigWig",
                "star_salmon/bigwig/298504.forward.bigWig",
                "star_salmon/bigwig/298504.reverse.bigWig",
                "star_salmon/bigwig/317960.bigWig",
                "star_salmon/bigwig/317960.forward.bigWig",
                "star_salmon/bigwig/317960.reverse.bigWig",
                "star_salmon/bigwig/319093.bigWig",
                "star_salmon/bigwig/319093.forward.bigWig",
                "star_salmon/bigwig/319093.reverse.bigWig",
                "star_salmon/deseq2_qc",
                "star_salmon/deseq2_qc/R_sessionInfo.log",
                "star_salmon/deseq2_qc/deseq2.dds.RData",
                "star_salmon/deseq2_qc/deseq2.pca.vals.txt",
                "star_salmon/deseq2_qc/deseq2.plots.pdf",
                "star_salmon/deseq2_qc/deseq2.sample.dists.txt",
                "star_salmon/deseq2_qc/size_factors",
                "star_salmon/deseq2_qc/size_factors/298098.txt",
                "star_salmon/deseq2_qc/size_factors/298504.txt",
                "star_salmon/deseq2_qc/size_factors/317960.txt",
                "star_salmon/deseq2_qc/size_factors/319093.txt",
                "star_salmon/deseq2_qc/size_factors/deseq2.size_factors.RData",
                "star_salmon/dupradar",
                "star_salmon/dupradar/box_plot",
                "star_salmon/dupradar/box_plot/298098_duprateExpBoxplot.pdf",
                "star_salmon/dupradar/box_plot/298504_duprateExpBoxplot.pdf",
                "star_salmon/dupradar/box_plot/317960_duprateExpBoxplot.pdf",
                "star_salmon/dupradar/box_plot/319093_duprateExpBoxplot.pdf",
                "star_salmon/dupradar/gene_data",
                "star_salmon/dupradar/gene_data/298098_dupMatrix.txt",
                "star_salmon/dupradar/gene_data/298504_dupMatrix.txt",
                "star_salmon/dupradar/gene_data/317960_dupMatrix.txt",
                "star_salmon/dupradar/gene_data/319093_dupMatrix.txt",
                "star_salmon/dupradar/histogram",
                "star_salmon/dupradar/histogram/298098_expressionHist.pdf",
                "star_salmon/dupradar/histogram/298504_expressionHist.pdf",
                "star_salmon/dupradar/histogram/317960_expressionHist.pdf",
                "star_salmon/dupradar/histogram/319093_expressionHist.pdf",
                "star_salmon/dupradar/intercepts_slope",
                "star_salmon/dupradar/intercepts_slope/298098_intercept_slope.txt",
                "star_salmon/dupradar/intercepts_slope/298504_intercept_slope.txt",
                "star_salmon/dupradar/intercepts_slope/317960_intercept_slope.txt",
                "star_salmon/dupradar/intercepts_slope/319093_intercept_slope.txt",
                "star_salmon/dupradar/scatter_plot",
                "star_salmon/dupradar/scatter_plot/298098_duprateExpDens.pdf",
                "star_salmon/dupradar/scatter_plot/298504_duprateExpDens.pdf",
                "star_salmon/dupradar/scatter_plot/317960_duprateExpDens.pdf",
                "star_salmon/dupradar/scatter_plot/319093_duprateExpDens.pdf",
                "star_salmon/featurecounts",
                "star_salmon/featurecounts/298098.biotype_counts_mqc.tsv",
                "star_salmon/featurecounts/298098.biotype_counts_rrna_mqc.tsv",
                "star_salmon/featurecounts/298098.featureCounts.tsv",
                "star_salmon/featurecounts/298098.featureCounts.tsv.summary",
                "star_salmon/featurecounts/298504.biotype_counts_mqc.tsv",
                "star_salmon/featurecounts/298504.biotype_counts_rrna_mqc.tsv",
                "star_salmon/featurecounts/298504.featureCounts.tsv",
                "star_salmon/featurecounts/298504.featureCounts.tsv.summary",
                "star_salmon/featurecounts/317960.biotype_counts_mqc.tsv",
                "star_salmon/featurecounts/317960.biotype_counts_rrna_mqc.tsv",
                "star_salmon/featurecounts/317960.featureCounts.tsv",
                "star_salmon/featurecounts/317960.featureCounts.tsv.summary",
                "star_salmon/featurecounts/319093.biotype_counts_mqc.tsv",
                "star_salmon/featurecounts/319093.biotype_counts_rrna_mqc.tsv",
                "star_salmon/featurecounts/319093.featureCounts.tsv",
                "star_salmon/featurecounts/319093.featureCounts.tsv.summary",
                "star_salmon/log",
                "star_salmon/log/298098.Log.final.out",
                "star_salmon/log/298098.Log.out",
                "star_salmon/log/298098.Log.progress.out",
                "star_salmon/log/298098.SJ.out.tab",
                "star_salmon/log/298504.Log.final.out",
                "star_salmon/log/298504.Log.out",
                "star_salmon/log/298504.Log.progress.out",
                "star_salmon/log/298504.SJ.out.tab",
                "star_salmon/log/317960.Log.final.out",
                "star_salmon/log/317960.Log.out",
                "star_salmon/log/317960.Log.progress.out",
                "star_salmon/log/317960.SJ.out.tab",
                "star_salmon/log/319093.Log.final.out",
                "star_salmon/log/319093.Log.out",
                "star_salmon/log/319093.Log.progress.out",
                "star_salmon/log/319093.SJ.out.tab",
                "star_salmon/picard_metrics",
                "star_salmon/picard_metrics/298098.markdup.sorted.metrics.txt",
                "star_salmon/picard_metrics/298504.markdup.sorted.metrics.txt",
                "star_salmon/picard_metrics/317960.markdup.sorted.metrics.txt",
                "star_salmon/picard_metrics/319093.markdup.sorted.metrics.txt",
                "star_salmon/qualimap",
                "star_salmon/qualimap/298098",
                "star_salmon/qualimap/298098/css",
                "star_salmon/qualimap/298098/css/agogo.css",
                "star_salmon/qualimap/298098/css/ajax-loader.gif",
                "star_salmon/qualimap/298098/css/basic.css",
                "star_salmon/qualimap/298098/css/bgfooter.png",
                "star_salmon/qualimap/298098/css/bgtop.png",
                "star_salmon/qualimap/298098/css/comment-bright.png",
                "star_salmon/qualimap/298098/css/comment-close.png",
                "star_salmon/qualimap/298098/css/comment.png",
                "star_salmon/qualimap/298098/css/doctools.js",
                "star_salmon/qualimap/298098/css/down-pressed.png",
                "star_salmon/qualimap/298098/css/down.png",
                "star_salmon/qualimap/298098/css/file.png",
                "star_salmon/qualimap/298098/css/jquery.js",
                "star_salmon/qualimap/298098/css/minus.png",
                "star_salmon/qualimap/298098/css/plus.png",
                "star_salmon/qualimap/298098/css/pygments.css",
                "star_salmon/qualimap/298098/css/qualimap_logo_small.png",
                "star_salmon/qualimap/298098/css/report.css",
                "star_salmon/qualimap/298098/css/searchtools.js",
                "star_salmon/qualimap/298098/css/underscore.js",
                "star_salmon/qualimap/298098/css/up-pressed.png",
                "star_salmon/qualimap/298098/css/up.png",
                "star_salmon/qualimap/298098/css/websupport.js",
                "star_salmon/qualimap/298098/images_qualimapReport",
                "star_salmon/qualimap/298098/images_qualimapReport/Coverage Profile Along Genes (High).png",
                "star_salmon/qualimap/298098/images_qualimapReport/Coverage Profile Along Genes (Low).png",
                "star_salmon/qualimap/298098/images_qualimapReport/Coverage Profile Along Genes (Total).png",
                "star_salmon/qualimap/298098/images_qualimapReport/Junction Analysis.png",
                "star_salmon/qualimap/298098/images_qualimapReport/Reads Genomic Origin.png",
                "star_salmon/qualimap/298098/images_qualimapReport/Transcript coverage histogram.png",
                "star_salmon/qualimap/298098/qualimapReport.html",
                "star_salmon/qualimap/298098/raw_data_qualimapReport",
                "star_salmon/qualimap/298098/raw_data_qualimapReport/coverage_profile_along_genes_(high).txt",
                "star_salmon/qualimap/298098/raw_data_qualimapReport/coverage_profile_along_genes_(low).txt",
                "star_salmon/qualimap/298098/raw_data_qualimapReport/coverage_profile_along_genes_(total).txt",
                "star_salmon/qualimap/298098/rnaseq_qc_results.txt",
                "star_salmon/qualimap/298504",
                "star_salmon/qualimap/298504/css",
                "star_salmon/qualimap/298504/css/agogo.css",
                "star_salmon/qualimap/298504/css/ajax-loader.gif",
                "star_salmon/qualimap/298504/css/basic.css",
                "star_salmon/qualimap/298504/css/bgfooter.png",
                "star_salmon/qualimap/298504/css/bgtop.png",
                "star_salmon/qualimap/298504/css/comment-bright.png",
                "star_salmon/qualimap/298504/css/comment-close.png",
                "star_salmon/qualimap/298504/css/comment.png",
                "star_salmon/qualimap/298504/css/doctools.js",
                "star_salmon/qualimap/298504/css/down-pressed.png",
                "star_salmon/qualimap/298504/css/down.png",
                "star_salmon/qualimap/298504/css/file.png",
                "star_salmon/qualimap/298504/css/jquery.js",
                "star_salmon/qualimap/298504/css/minus.png",
                "star_salmon/qualimap/298504/css/plus.png",
                "star_salmon/qualimap/298504/css/pygments.css",
                "star_salmon/qualimap/298504/css/qualimap_logo_small.png",
                "star_salmon/qualimap/298504/css/report.css",
                "star_salmon/qualimap/298504/css/searchtools.js",
                "star_salmon/qualimap/298504/css/underscore.js",
                "star_salmon/qualimap/298504/css/up-pressed.png",
                "star_salmon/qualimap/298504/css/up.png",
                "star_salmon/qualimap/298504/css/websupport.js",
                "star_salmon/qualimap/298504/images_qualimapReport",
                "star_salmon/qualimap/298504/images_qualimapReport/Coverage Profile Along Genes (High).png",
                "star_salmon/qualimap/298504/images_qualimapReport/Coverage Profile Along Genes (Low).png",
                "star_salmon/qualimap/298504/images_qualimapReport/Coverage Profile Along Genes (Total).png",
                "star_salmon/qualimap/298504/images_qualimapReport/Junction Analysis.png",
                "star_salmon/qualimap/298504/images_qualimapReport/Reads Genomic Origin.png",
                "star_salmon/qualimap/298504/images_qualimapReport/Transcript coverage histogram.png",
                "star_salmon/qualimap/298504/qualimapReport.html",
                "star_salmon/qualimap/298504/raw_data_qualimapReport",
                "star_salmon/qualimap/298504/raw_data_qualimapReport/coverage_profile_along_genes_(high).txt",
                "star_salmon/qualimap/298504/raw_data_qualimapReport/coverage_profile_along_genes_(low).txt",
                "star_salmon/qualimap/298504/raw_data_qualimapReport/coverage_profile_along_genes_(total).txt",
                "star_salmon/qualimap/298504/rnaseq_qc_results.txt",
                "star_salmon/qualimap/317960",
                "star_salmon/qualimap/317960/css",
                "star_salmon/qualimap/317960/css/agogo.css",
                "star_salmon/qualimap/317960/css/ajax-loader.gif",
                "star_salmon/qualimap/317960/css/basic.css",
                "star_salmon/qualimap/317960/css/bgfooter.png",
                "star_salmon/qualimap/317960/css/bgtop.png",
                "star_salmon/qualimap/317960/css/comment-bright.png",
                "star_salmon/qualimap/317960/css/comment-close.png",
                "star_salmon/qualimap/317960/css/comment.png",
                "star_salmon/qualimap/317960/css/doctools.js",
                "star_salmon/qualimap/317960/css/down-pressed.png",
                "star_salmon/qualimap/317960/css/down.png",
                "star_salmon/qualimap/317960/css/file.png",
                "star_salmon/qualimap/317960/css/jquery.js",
                "star_salmon/qualimap/317960/css/minus.png",
                "star_salmon/qualimap/317960/css/plus.png",
                "star_salmon/qualimap/317960/css/pygments.css",
                "star_salmon/qualimap/317960/css/qualimap_logo_small.png",
                "star_salmon/qualimap/317960/css/report.css",
                "star_salmon/qualimap/317960/css/searchtools.js",
                "star_salmon/qualimap/317960/css/underscore.js",
                "star_salmon/qualimap/317960/css/up-pressed.png",
                "star_salmon/qualimap/317960/css/up.png",
                "star_salmon/qualimap/317960/css/websupport.js",
                "star_salmon/qualimap/317960/images_qualimapReport",
                "star_salmon/qualimap/317960/images_qualimapReport/Coverage Profile Along Genes (High).png",
                "star_salmon/qualimap/317960/images_qualimapReport/Coverage Profile Along Genes (Low).png",
                "star_salmon/qualimap/317960/images_qualimapReport/Coverage Profile Along Genes (Total).png",
                "star_salmon/qualimap/317960/images_qualimapReport/Junction Analysis.png",
                "star_salmon/qualimap/317960/images_qualimapReport/Reads Genomic Origin.png",
                "star_salmon/qualimap/317960/images_qualimapReport/Transcript coverage histogram.png",
                "star_salmon/qualimap/317960/qualimapReport.html",
                "star_salmon/qualimap/317960/raw_data_qualimapReport",
                "star_salmon/qualimap/317960/raw_data_qualimapReport/coverage_profile_along_genes_(high).txt",
                "star_salmon/qualimap/317960/raw_data_qualimapReport/coverage_profile_along_genes_(low).txt",
                "star_salmon/qualimap/317960/raw_data_qualimapReport/coverage_profile_along_genes_(total).txt",
                "star_salmon/qualimap/317960/rnaseq_qc_results.txt",
                "star_salmon/qualimap/319093",
                "star_salmon/qualimap/319093/css",
                "star_salmon/qualimap/319093/css/agogo.css",
                "star_salmon/qualimap/319093/css/ajax-loader.gif",
                "star_salmon/qualimap/319093/css/basic.css",
                "star_salmon/qualimap/319093/css/bgfooter.png",
                "star_salmon/qualimap/319093/css/bgtop.png",
                "star_salmon/qualimap/319093/css/comment-bright.png",
                "star_salmon/qualimap/319093/css/comment-close.png",
                "star_salmon/qualimap/319093/css/comment.png",
                "star_salmon/qualimap/319093/css/doctools.js",
                "star_salmon/qualimap/319093/css/down-pressed.png",
                "star_salmon/qualimap/319093/css/down.png",
                "star_salmon/qualimap/319093/css/file.png",
                "star_salmon/qualimap/319093/css/jquery.js",
                "star_salmon/qualimap/319093/css/minus.png",
                "star_salmon/qualimap/319093/css/plus.png",
                "star_salmon/qualimap/319093/css/pygments.css",
                "star_salmon/qualimap/319093/css/qualimap_logo_small.png",
                "star_salmon/qualimap/319093/css/report.css",
                "star_salmon/qualimap/319093/css/searchtools.js",
                "star_salmon/qualimap/319093/css/underscore.js",
                "star_salmon/qualimap/319093/css/up-pressed.png",
                "star_salmon/qualimap/319093/css/up.png",
                "star_salmon/qualimap/319093/css/websupport.js",
                "star_salmon/qualimap/319093/images_qualimapReport",
                "star_salmon/qualimap/319093/images_qualimapReport/Coverage Profile Along Genes (High).png",
                "star_salmon/qualimap/319093/images_qualimapReport/Coverage Profile Along Genes (Low).png",
                "star_salmon/qualimap/319093/images_qualimapReport/Coverage Profile Along Genes (Total).png",
                "star_salmon/qualimap/319093/images_qualimapReport/Junction Analysis.png",
                "star_salmon/qualimap/319093/images_qualimapReport/Reads Genomic Origin.png",
                "star_salmon/qualimap/319093/images_qualimapReport/Transcript coverage histogram.png",
                "star_salmon/qualimap/319093/qualimapReport.html",
                "star_salmon/qualimap/319093/raw_data_qualimapReport",
                "star_salmon/qualimap/319093/raw_data_qualimapReport/coverage_profile_along_genes_(high).txt",
                "star_salmon/qualimap/319093/raw_data_qualimapReport/coverage_profile_along_genes_(low).txt",
                "star_salmon/qualimap/319093/raw_data_qualimapReport/coverage_profile_along_genes_(total).txt",
                "star_salmon/qualimap/319093/rnaseq_qc_results.txt",
                "star_salmon/rseqc",
                "star_salmon/rseqc/bam_stat",
                "star_salmon/rseqc/bam_stat/298098.bam_stat.txt",
                "star_salmon/rseqc/bam_stat/298504.bam_stat.txt",
                "star_salmon/rseqc/bam_stat/317960.bam_stat.txt",
                "star_salmon/rseqc/bam_stat/319093.bam_stat.txt",
                "star_salmon/rseqc/infer_experiment",
                "star_salmon/rseqc/infer_experiment/298098.infer_experiment.txt",
                "star_salmon/rseqc/infer_experiment/298504.infer_experiment.txt",
                "star_salmon/rseqc/infer_experiment/317960.infer_experiment.txt",
                "star_salmon/rseqc/infer_experiment/319093.infer_experiment.txt",
                "star_salmon/rseqc/inner_distance",
                "star_salmon/rseqc/inner_distance/pdf",
                "star_salmon/rseqc/inner_distance/pdf/298098.inner_distance_plot.pdf",
                "star_salmon/rseqc/inner_distance/pdf/298504.inner_distance_plot.pdf",
                "star_salmon/rseqc/inner_distance/pdf/319093.inner_distance_plot.pdf",
                "star_salmon/rseqc/inner_distance/rscript",
                "star_salmon/rseqc/inner_distance/rscript/298098.inner_distance_plot.r",
                "star_salmon/rseqc/inner_distance/rscript/298504.inner_distance_plot.r",
                "star_salmon/rseqc/inner_distance/rscript/319093.inner_distance_plot.r",
                "star_salmon/rseqc/inner_distance/txt",
                "star_salmon/rseqc/inner_distance/txt/298098.inner_distance.txt",
                "star_salmon/rseqc/inner_distance/txt/298098.inner_distance_freq.txt",
                "star_salmon/rseqc/inner_distance/txt/298098.inner_distance_mean.txt",
                "star_salmon/rseqc/inner_distance/txt/298504.inner_distance.txt",
                "star_salmon/rseqc/inner_distance/txt/298504.inner_distance_freq.txt",
                "star_salmon/rseqc/inner_distance/txt/298504.inner_distance_mean.txt",
                "star_salmon/rseqc/inner_distance/txt/317960.inner_distance.txt",
                "star_salmon/rseqc/inner_distance/txt/319093.inner_distance.txt",
                "star_salmon/rseqc/inner_distance/txt/319093.inner_distance_freq.txt",
                "star_salmon/rseqc/inner_distance/txt/319093.inner_distance_mean.txt",
                "star_salmon/rseqc/junction_annotation",
                "star_salmon/rseqc/junction_annotation/bed",
                "star_salmon/rseqc/junction_annotation/bed/298098.junction.Interact.bed",
                "star_salmon/rseqc/junction_annotation/bed/298098.junction.bed",
                "star_salmon/rseqc/junction_annotation/bed/298504.junction.Interact.bed",
                "star_salmon/rseqc/junction_annotation/bed/298504.junction.bed",
                "star_salmon/rseqc/junction_annotation/bed/317960.junction.Interact.bed",
                "star_salmon/rseqc/junction_annotation/bed/317960.junction.bed",
                "star_salmon/rseqc/junction_annotation/bed/319093.junction.Interact.bed",
                "star_salmon/rseqc/junction_annotation/bed/319093.junction.bed",
                "star_salmon/rseqc/junction_annotation/log",
                "star_salmon/rseqc/junction_annotation/log/298098.junction_annotation.log",
                "star_salmon/rseqc/junction_annotation/log/298504.junction_annotation.log",
                "star_salmon/rseqc/junction_annotation/log/317960.junction_annotation.log",
                "star_salmon/rseqc/junction_annotation/log/319093.junction_annotation.log",
                "star_salmon/rseqc/junction_annotation/pdf",
                "star_salmon/rseqc/junction_annotation/pdf/298098.splice_events.pdf",
                "star_salmon/rseqc/junction_annotation/pdf/298098.splice_junction.pdf",
                "star_salmon/rseqc/junction_annotation/pdf/298504.splice_events.pdf",
                "star_salmon/rseqc/junction_annotation/pdf/298504.splice_junction.pdf",
                "star_salmon/rseqc/junction_annotation/pdf/317960.splice_events.pdf",
                "star_salmon/rseqc/junction_annotation/pdf/317960.splice_junction.pdf",
                "star_salmon/rseqc/junction_annotation/pdf/319093.splice_events.pdf",
                "star_salmon/rseqc/junction_annotation/pdf/319093.splice_junction.pdf",
                "star_salmon/rseqc/junction_annotation/rscript",
                "star_salmon/rseqc/junction_annotation/rscript/298098.junction_plot.r",
                "star_salmon/rseqc/junction_annotation/rscript/298504.junction_plot.r",
                "star_salmon/rseqc/junction_annotation/rscript/317960.junction_plot.r",
                "star_salmon/rseqc/junction_annotation/rscript/319093.junction_plot.r",
                "star_salmon/rseqc/junction_annotation/xls",
                "star_salmon/rseqc/junction_annotation/xls/298098.junction.xls",
                "star_salmon/rseqc/junction_annotation/xls/298504.junction.xls",
                "star_salmon/rseqc/junction_annotation/xls/317960.junction.xls",
                "star_salmon/rseqc/junction_annotation/xls/319093.junction.xls",
                "star_salmon/rseqc/junction_saturation",
                "star_salmon/rseqc/junction_saturation/pdf",
                "star_salmon/rseqc/junction_saturation/pdf/298098.junctionSaturation_plot.pdf",
                "star_salmon/rseqc/junction_saturation/pdf/298504.junctionSaturation_plot.pdf",
                "star_salmon/rseqc/junction_saturation/pdf/317960.junctionSaturation_plot.pdf",
                "star_salmon/rseqc/junction_saturation/pdf/319093.junctionSaturation_plot.pdf",
                "star_salmon/rseqc/junction_saturation/rscript",
                "star_salmon/rseqc/junction_saturation/rscript/298098.junctionSaturation_plot.r",
                "star_salmon/rseqc/junction_saturation/rscript/298504.junctionSaturation_plot.r",
                "star_salmon/rseqc/junction_saturation/rscript/317960.junctionSaturation_plot.r",
                "star_salmon/rseqc/junction_saturation/rscript/319093.junctionSaturation_plot.r",
                "star_salmon/rseqc/read_distribution",
                "star_salmon/rseqc/read_distribution/298098.read_distribution.txt",
                "star_salmon/rseqc/read_distribution/298504.read_distribution.txt",
                "star_salmon/rseqc/read_distribution/317960.read_distribution.txt",
                "star_salmon/rseqc/read_distribution/319093.read_distribution.txt",
                "star_salmon/rseqc/read_duplication",
                "star_salmon/rseqc/read_duplication/pdf",
                "star_salmon/rseqc/read_duplication/pdf/298098.DupRate_plot.pdf",
                "star_salmon/rseqc/read_duplication/pdf/298504.DupRate_plot.pdf",
                "star_salmon/rseqc/read_duplication/pdf/317960.DupRate_plot.pdf",
                "star_salmon/rseqc/read_duplication/pdf/319093.DupRate_plot.pdf",
                "star_salmon/rseqc/read_duplication/rscript",
                "star_salmon/rseqc/read_duplication/rscript/298098.DupRate_plot.r",
                "star_salmon/rseqc/read_duplication/rscript/298504.DupRate_plot.r",
                "star_salmon/rseqc/read_duplication/rscript/317960.DupRate_plot.r",
                "star_salmon/rseqc/read_duplication/rscript/319093.DupRate_plot.r",
                "star_salmon/rseqc/read_duplication/xls",
                "star_salmon/rseqc/read_duplication/xls/298098.pos.DupRate.xls",
                "star_salmon/rseqc/read_duplication/xls/298098.seq.DupRate.xls",
                "star_salmon/rseqc/read_duplication/xls/298504.pos.DupRate.xls",
                "star_salmon/rseqc/read_duplication/xls/298504.seq.DupRate.xls",
                "star_salmon/rseqc/read_duplication/xls/317960.pos.DupRate.xls",
                "star_salmon/rseqc/read_duplication/xls/317960.seq.DupRate.xls",
                "star_salmon/rseqc/read_duplication/xls/319093.pos.DupRate.xls",
                "star_salmon/rseqc/read_duplication/xls/319093.seq.DupRate.xls",
                "star_salmon/salmon.merged.gene.SummarizedExperiment.rds",
                "star_salmon/salmon.merged.gene_counts.tsv",
                "star_salmon/salmon.merged.gene_counts_length_scaled.tsv",
                "star_salmon/salmon.merged.gene_counts_scaled.tsv",
                "star_salmon/salmon.merged.gene_lengths.tsv",
                "star_salmon/salmon.merged.gene_tpm.tsv",
                "star_salmon/salmon.merged.transcript.SummarizedExperiment.rds",
                "star_salmon/salmon.merged.transcript_counts.tsv",
                "star_salmon/salmon.merged.transcript_lengths.tsv",
                "star_salmon/salmon.merged.transcript_tpm.tsv",
                "star_salmon/salmon.merged.tx2gene.tsv",
                "star_salmon/salmon.merged.tx2gene_augmented.tsv",
                "star_salmon/samtools_stats",
                "star_salmon/samtools_stats/298098.markdup.sorted.bam.flagstat",
                "star_salmon/samtools_stats/298098.markdup.sorted.bam.idxstats",
                "star_salmon/samtools_stats/298098.markdup.sorted.bam.stats",
                "star_salmon/samtools_stats/298098.sorted.bam.flagstat",
                "star_salmon/samtools_stats/298098.sorted.bam.idxstats",
                "star_salmon/samtools_stats/298098.sorted.bam.stats",
                "star_salmon/samtools_stats/298504.markdup.sorted.bam.flagstat",
                "star_salmon/samtools_stats/298504.markdup.sorted.bam.idxstats",
                "star_salmon/samtools_stats/298504.markdup.sorted.bam.stats",
                "star_salmon/samtools_stats/298504.sorted.bam.flagstat",
                "star_salmon/samtools_stats/298504.sorted.bam.idxstats",
                "star_salmon/samtools_stats/298504.sorted.bam.stats",
                "star_salmon/samtools_stats/317960.markdup.sorted.bam.flagstat",
                "star_salmon/samtools_stats/317960.markdup.sorted.bam.idxstats",
                "star_salmon/samtools_stats/317960.markdup.sorted.bam.stats",
                "star_salmon/samtools_stats/317960.sorted.bam.flagstat",
                "star_salmon/samtools_stats/317960.sorted.bam.idxstats",
                "star_salmon/samtools_stats/317960.sorted.bam.stats",
                "star_salmon/samtools_stats/319093.markdup.sorted.bam.flagstat",
                "star_salmon/samtools_stats/319093.markdup.sorted.bam.idxstats",
                "star_salmon/samtools_stats/319093.markdup.sorted.bam.stats",
                "star_salmon/samtools_stats/319093.sorted.bam.flagstat",
                "star_salmon/samtools_stats/319093.sorted.bam.idxstats",
                "star_salmon/samtools_stats/319093.sorted.bam.stats",
                "star_salmon/stringtie",
                "star_salmon/stringtie/298098.ballgown",
                "star_salmon/stringtie/298098.ballgown/e2t.ctab",
                "star_salmon/stringtie/298098.ballgown/e_data.ctab",
                "star_salmon/stringtie/298098.ballgown/i2t.ctab",
                "star_salmon/stringtie/298098.ballgown/i_data.ctab",
                "star_salmon/stringtie/298098.ballgown/t_data.ctab",
                "star_salmon/stringtie/298098.coverage.gtf",
                "star_salmon/stringtie/298098.gene.abundance.txt",
                "star_salmon/stringtie/298098.transcripts.gtf",
                "star_salmon/stringtie/298504.ballgown",
                "star_salmon/stringtie/298504.ballgown/e2t.ctab",
                "star_salmon/stringtie/298504.ballgown/e_data.ctab",
                "star_salmon/stringtie/298504.ballgown/i2t.ctab",
                "star_salmon/stringtie/298504.ballgown/i_data.ctab",
                "star_salmon/stringtie/298504.ballgown/t_data.ctab",
                "star_salmon/stringtie/298504.coverage.gtf",
                "star_salmon/stringtie/298504.gene.abundance.txt",
                "star_salmon/stringtie/298504.transcripts.gtf",
                "star_salmon/stringtie/317960.ballgown",
                "star_salmon/stringtie/317960.ballgown/e2t.ctab",
                "star_salmon/stringtie/317960.ballgown/e_data.ctab",
                "star_salmon/stringtie/317960.ballgown/i2t.ctab",
                "star_salmon/stringtie/317960.ballgown/i_data.ctab",
                "star_salmon/stringtie/317960.ballgown/t_data.ctab",
                "star_salmon/stringtie/317960.coverage.gtf",
                "star_salmon/stringtie/317960.gene.abundance.txt",
                "star_salmon/stringtie/317960.transcripts.gtf",
                "star_salmon/stringtie/319093.ballgown",
                "star_salmon/stringtie/319093.ballgown/e2t.ctab",
                "star_salmon/stringtie/319093.ballgown/e_data.ctab",
                "star_salmon/stringtie/319093.ballgown/i2t.ctab",
                "star_salmon/stringtie/319093.ballgown/i_data.ctab",
                "star_salmon/stringtie/319093.ballgown/t_data.ctab",
                "star_salmon/stringtie/319093.coverage.gtf",
                "star_salmon/stringtie/319093.gene.abundance.txt",
                "star_salmon/stringtie/319093.transcripts.gtf",
                "trimgalore",
                "trimgalore/298098_trimmed_1.fastq.gz_trimming_report.txt",
                "trimgalore/298098_trimmed_2.fastq.gz_trimming_report.txt",
                "trimgalore/298504_trimmed_1.fastq.gz_trimming_report.txt",
                "trimgalore/298504_trimmed_2.fastq.gz_trimming_report.txt",
                "trimgalore/317960_trimmed.fastq.gz_trimming_report.txt",
                "trimgalore/319093_trimmed_1.fastq.gz_trimming_report.txt",
                "trimgalore/319093_trimmed_2.fastq.gz_trimming_report.txt"
            ],
            [
                "cutadapt_filtered_reads_plot.txt:md5,b63220d8ab0882d005ab504bd7ef679d",
                "cutadapt_trimmed_sequences_plot_3_Counts.txt:md5,a2075a79e4ce7f9a97e58715de1aaa19",
                "cutadapt_trimmed_sequences_plot_3_Obs_Exp.txt:md5,f2867717e99811fa1f4492cf5bf245ac",
                "fastqc_raw-status-check-heatmap.txt:md5,f472cae270ef5de61841c1b2060bd9d0",
                "fastqc_raw_adapter_content_plot.txt:md5,00a2180e3f6340cc4ddd33940db034f4",
                "fastqc_raw_overrepresented_sequences_plot.txt:md5,1d24fc6b4e215b30c27d075905171f6c",
                "fastqc_raw_per_base_n_content_plot.txt:md5,6bf220c1a77e21ceb2708587916a06b5",
                "fastqc_raw_per_base_sequence_quality_plot.txt:md5,97e0434101fa6e247ea310a4e67af83e",
                "fastqc_raw_per_sequence_gc_content_plot_Counts.txt:md5,8ca63ccfc917d35a9ba5ba7563964074",
                "fastqc_raw_per_sequence_gc_content_plot_Percentages.txt:md5,4217caa9a787caa571c056c0d437748c",
                "fastqc_raw_per_sequence_quality_scores_plot.txt:md5,5a201e7157440cc5602ae2af0550a18a",
                "fastqc_raw_sequence_counts_plot.txt:md5,01b9d24996d6ab187b064377132013b7",
                "fastqc_raw_sequence_duplication_levels_plot.txt:md5,305b51a00501a667d87e4fc1ae3d0cd4",
                "fastqc_trimmed-status-check-heatmap.txt:md5,5ea96bf3acd0fa954cdbac81faa2d03e",
                "fastqc_trimmed_overrepresented_sequences_plot.txt:md5,f2fe29f818821a99661709bbff2a718f",
                "fastqc_trimmed_per_base_n_content_plot.txt:md5,3dc60260f250ec5715c0f1e2f88a1a88",
                "fastqc_trimmed_per_base_sequence_quality_plot.txt:md5,468748aabebdc3d28da72a21acd5538b",
                "fastqc_trimmed_per_sequence_gc_content_plot_Counts.txt:md5,ee2c94e5a9f56cd828c255939a450bb6",
                "fastqc_trimmed_per_sequence_gc_content_plot_Percentages.txt:md5,631057235498f4fcf822b6c67c19c9cb",
                "fastqc_trimmed_per_sequence_quality_scores_plot.txt:md5,caee46b0dd2fc47be35441168cec9658",
                "fastqc_trimmed_sequence_counts_plot.txt:md5,f5f7ce3e96c3d42a0adfb6c5dea6ab2a",
                "fastqc_trimmed_sequence_duplication_levels_plot.txt:md5,072678ddfb10777e4e4d2651bd9dca4e",
                "multiqc_citations.txt:md5,2d2ab6df367e36e98e081c33dec187a0",
                "multiqc_fastqc_fastqc_raw.txt:md5,6d145086750f361805144926a8367611",
                "multiqc_fastqc_fastqc_trimmed.txt:md5,59d7557b49f9cc5d6a6d0a319d6a3da9",
                "multiqc_featurecounts_biotype_plot.txt:md5,0da501bd8b4d7fff00c586f697f2f4bf",
                "multiqc_samtools_idxstats.txt:md5,741cba9333ad6520976f0002b2d8f846",
                "multiqc_strand_check_composition_bargraph.txt:md5,04686486a455865bbcacd0a1b9555e23",
                "multiqc_strand_check_composition_bargraph_1.txt:md5,b0b044b683fed5cddeccb48b14b2178f",
                "multiqc_strand_check_summary_table.txt:md5,9275fbc41ecf2de99f78ddc6ed845d03",
                "picard_MarkIlluminaAdapters_histogram.txt:md5,d41d8cd98f00b204e9800998ecf8427e",
                "picard_MeanQualityByCycle_histogram.txt:md5,d41d8cd98f00b204e9800998ecf8427e",
                "picard_QualityScoreDistribution_histogram.txt:md5,d41d8cd98f00b204e9800998ecf8427e",
                "rseqc_infer_experiment_plot.txt:md5,f20a50d0e5fd6cf2a1f297d74861f8ef",
                "samtools-idxstats-mapped-reads-plot_Normalised_Counts.txt:md5,a7a0eb3c67bd351e9a3d0d8893958741",
                "samtools-idxstats-mapped-reads-plot_Observed_over_Expected_Counts.txt:md5,d45fcb5422c7e303dbc9c7edb45b2f5f",
                "samtools-idxstats-mapped-reads-plot_Raw_Counts.txt:md5,7bbeffd547e9e269fc0d334454ec6ee1",
                "ambig_info.tsv:md5,b4a796208008e1dfef30a856bff0c1cd",
                "expected_bias.gz:md5,3407f87245d0003e0ffbfdf6d8c04f20",
                "observed_bias.gz:md5,92bcd0592d22a6a58d0360fc76103e56",
                "observed_bias_3p.gz:md5,92bcd0592d22a6a58d0360fc76103e56",
                "cmd_info.json:md5,2223642c4e93de5351bf23187098299d",
                "lib_format_counts.json:md5,16271fa8da5a6b7b56ddafc7cf8eb2f0",
                "ambig_info.tsv:md5,a26e3f936e65d7da66392603c2f91f6f",
                "expected_bias.gz:md5,3407f87245d0003e0ffbfdf6d8c04f20",
                "observed_bias.gz:md5,92bcd0592d22a6a58d0360fc76103e56",
                "observed_bias_3p.gz:md5,92bcd0592d22a6a58d0360fc76103e56",
                "cmd_info.json:md5,da2c72f62089d000c0df6a525e755552",
                "lib_format_counts.json:md5,89ac145d95fab3f56394e1a6b6ecc926",
                "ambig_info.tsv:md5,45f252b4f0e11e6730cf0c29f800fdbb",
                "expected_bias.gz:md5,3407f87245d0003e0ffbfdf6d8c04f20",
                "observed_bias.gz:md5,92bcd0592d22a6a58d0360fc76103e56",
                "observed_bias_3p.gz:md5,92bcd0592d22a6a58d0360fc76103e56",
                "cmd_info.json:md5,d45edd56200dfa0a1d466ada7f6aea67",
                "lib_format_counts.json:md5,aa221b7f8f0de5f1cd0da218a675017e",
                "ambig_info.tsv:md5,de973a4b22a4457217ae3dc04caf9401",
                "expected_bias.gz:md5,3407f87245d0003e0ffbfdf6d8c04f20",
                "observed_bias.gz:md5,92bcd0592d22a6a58d0360fc76103e56",
                "observed_bias_3p.gz:md5,92bcd0592d22a6a58d0360fc76103e56",
                "cmd_info.json:md5,681fcaa95fc2edb49b07892895800c88",
                "lib_format_counts.json:md5,7fffb7f10784f01ec3fc350c6f617b10",
                "salmon.merged.tx2gene.tsv:md5,0e2418a69d2eba45097ebffc2f700bfe",
                "salmon.merged.tx2gene_augmented.tsv:md5,0e2418a69d2eba45097ebffc2f700bfe",
                "ambig_info.tsv:md5,06528e2e5e84020c7e649897500f7c11",
                "expected_bias.gz:md5,3407f87245d0003e0ffbfdf6d8c04f20",
                "observed_bias.gz:md5,92bcd0592d22a6a58d0360fc76103e56",
                "observed_bias_3p.gz:md5,92bcd0592d22a6a58d0360fc76103e56",
                "cmd_info.json:md5,09433b3483b97b9f09e6a1ece9fc15b0",
                "ambig_info.tsv:md5,543a047a549437026a1363ea8ddf5b03",
                "expected_bias.gz:md5,3407f87245d0003e0ffbfdf6d8c04f20",
                "observed_bias.gz:md5,92bcd0592d22a6a58d0360fc76103e56",
                "observed_bias_3p.gz:md5,92bcd0592d22a6a58d0360fc76103e56",
                "cmd_info.json:md5,46a4a2ddae1443dddb5ee95d2c211979",
                "ambig_info.tsv:md5,8f97be8af4e47cc48650c62227a40203",
                "expected_bias.gz:md5,3407f87245d0003e0ffbfdf6d8c04f20",
                "observed_bias.gz:md5,92bcd0592d22a6a58d0360fc76103e56",
                "observed_bias_3p.gz:md5,92bcd0592d22a6a58d0360fc76103e56",
                "cmd_info.json:md5,f33d02b7b0fecbd5cc6463bb07d0b54f",
                "ambig_info.tsv:md5,f9a605d54a0a103566f7a9b8e0867a73",
                "expected_bias.gz:md5,3407f87245d0003e0ffbfdf6d8c04f20",
                "observed_bias.gz:md5,92bcd0592d22a6a58d0360fc76103e56",
                "observed_bias_3p.gz:md5,92bcd0592d22a6a58d0360fc76103e56",
                "cmd_info.json:md5,c738cdc612e78e329a7d638959d99d58",
                "298098.biotype_counts_mqc.tsv:md5,9ca270daa0d744293c440d0c156ec090",
                "298098.biotype_counts_rrna_mqc.tsv:md5,f81c920e86629456e3e592e566236958",
                "298098.featureCounts.tsv:md5,bba8b4f55e928824b7f61503c1cf81fc",
                "298504.biotype_counts_mqc.tsv:md5,5cb8f29f175d07b3d8f8464bf8fcd82b",
                "298504.biotype_counts_rrna_mqc.tsv:md5,66db1e8f046ef1c78050b7013740ac92",
                "298504.featureCounts.tsv:md5,fd922fe86af2bd49b28532a1b5e5fc90",
                "317960.biotype_counts_mqc.tsv:md5,d241d50e582ceb97e6f16b3556f5f5a9",
                "317960.biotype_counts_rrna_mqc.tsv:md5,0725fbb5c337ece21f34be5e8519218f",
                "317960.featureCounts.tsv:md5,d0b2b4060bcea68259dae41f20ee21e5",
                "319093.biotype_counts_mqc.tsv:md5,6940e190bb388be56f282aa01e916466",
                "319093.biotype_counts_rrna_mqc.tsv:md5,660344568d796ddaade8ae2d01aeaafb",
                "319093.featureCounts.tsv:md5,30f971da59775834a494ed0625c962ab",
                "298098.SJ.out.tab:md5,17085ad89ec2f3e9ccc0757853831e25",
                "298504.SJ.out.tab:md5,f6cc03643a5e3c1025a5b4754eb1be23",
                "317960.SJ.out.tab:md5,e548d13942535dc0821f3ec6d9743ec8",
                "319093.SJ.out.tab:md5,ea95e243278af55534f2c52eb5fff7ee",
                "298098.infer_experiment.txt:md5,2af961a4b5ddce570b05f4e6ee6cbe73",
                "298504.infer_experiment.txt:md5,82e23b329ee60709f343bc2d17d43b14",
                "317960.infer_experiment.txt:md5,2ca0ce0fd3204bd2cc4812c4655b1f1f",
                "319093.infer_experiment.txt:md5,169d25b95c008bebe9ce886fea6a4e33",
                "salmon.merged.tx2gene.tsv:md5,0e2418a69d2eba45097ebffc2f700bfe",
                "salmon.merged.tx2gene_augmented.tsv:md5,0e2418a69d2eba45097ebffc2f700bfe",
                "e2t.ctab:md5,54dd6de2daa90e973f47524a738a3d69",
                "e_data.ctab:md5,006974091737398bc24502356c4145e0",
                "i2t.ctab:md5,dda3d3ccd7d4184d947c654ae73efb7b",
                "i_data.ctab:md5,f8ebd9fefaf98cef0287a64868a3859a",
                "e2t.ctab:md5,54dd6de2daa90e973f47524a738a3d69",
                "e_data.ctab:md5,b03f3118d1aa58fceadcb3311028e856",
                "i2t.ctab:md5,dda3d3ccd7d4184d947c654ae73efb7b",
                "i_data.ctab:md5,041edee3193df311f621c09f4991892b",
                "e2t.ctab:md5,54dd6de2daa90e973f47524a738a3d69",
                "e_data.ctab:md5,e82329a443b9ff50a86e42aff91bd704",
                "i2t.ctab:md5,dda3d3ccd7d4184d947c654ae73efb7b",
                "i_data.ctab:md5,d279003d92f7feef9adb31203f84474a",
                "e2t.ctab:md5,54dd6de2daa90e973f47524a738a3d69",
                "e_data.ctab:md5,3f149502efe2a9d4bac98b1dd18c15e7",
                "i2t.ctab:md5,dda3d3ccd7d4184d947c654ae73efb7b",
                "i_data.ctab:md5,a052ab04070e72cc318fb7680b0764e3"
            ]
        ],
        "timestamp": "2026-05-11T12:48:31.695530215",
        "meta": {
            "nf-test": "0.9.5",
            "nextflow": "26.04.0"
        }
    }
}