{
    "sarscov2 - single_end": {
        "content": [
            {
                "versions_salmon": [
                    [
                        "SALMON_QUANT",
                        "salmon",
                        "1.10.3"
                    ]
                ]
            },
            [
                [
                    {
                        "id": "test",
                        "single_end": true
                    },
                    "test_lib_format_counts.json:md5,c7999dfccd32c090d94e5951522eecd4"
                ]
            ]
        ],
        "timestamp": "2026-01-19T14:53:59.375252",
        "meta": {
            "nf-test": "0.9.3",
            "nextflow": "25.10.2"
        }
    },
    "sarscov2 - single_end stub": {
        "content": [
            {
                "versions_salmon": [
                    [
                        "SALMON_QUANT",
                        "salmon",
                        "1.10.3"
                    ]
                ]
            },
            [
                [
                    {
                        "id": "test",
                        "single_end": true
                    },
                    "test_lib_format_counts.json:md5,d41d8cd98f00b204e9800998ecf8427e"
                ]
            ]
        ],
        "timestamp": "2026-01-19T14:54:06.507228",
        "meta": {
            "nf-test": "0.9.3",
            "nextflow": "25.10.2"
        }
    },
    "sarscov2 - single_end lib type A": {
        "content": [
            {
                "versions_salmon": [
                    [
                        "SALMON_QUANT",
                        "salmon",
                        "1.10.3"
                    ]
                ]
            },
            [
                [
                    {
                        "id": "test",
                        "single_end": true
                    },
                    "test_lib_format_counts.json:md5,c7999dfccd32c090d94e5951522eecd4"
                ]
            ]
        ],
        "timestamp": "2026-01-19T14:54:15.005117",
        "meta": {
            "nf-test": "0.9.3",
            "nextflow": "25.10.2"
        }
    },
    "sarscov2 - pair_end multiple": {
        "content": [
            {
                "versions_salmon": [
                    [
                        "SALMON_QUANT",
                        "salmon",
                        "1.10.3"
                    ]
                ]
            },
            [
                [
                    {
                        "id": "test",
                        "single_end": false
                    },
                    "test_lib_format_counts.json:md5,4a2ee0fac91a4a3471872808d8bd3ff8"
                ]
            ]
        ],
        "timestamp": "2026-01-19T14:54:48.338822",
        "meta": {
            "nf-test": "0.9.3",
            "nextflow": "25.10.2"
        }
    },
    "sarscov2 - pair_end multiple stub": {
        "content": [
            {
                "versions_salmon": [
                    [
                        "SALMON_QUANT",
                        "salmon",
                        "1.10.3"
                    ]
                ]
            },
            [
                [
                    {
                        "id": "test",
                        "single_end": false
                    },
                    "test_lib_format_counts.json:md5,d41d8cd98f00b204e9800998ecf8427e"
                ]
            ]
        ],
        "timestamp": "2026-01-19T14:54:56.134603",
        "meta": {
            "nf-test": "0.9.3",
            "nextflow": "25.10.2"
        }
    },
    "homo_sapiens - transcriptome_bam alignment_mode": {
        "content": [
            {
                "versions_salmon": [
                    [
                        "SALMON_QUANT",
                        "salmon",
                        "1.10.3"
                    ]
                ]
            },
            [
                
            ]
        ],
        "timestamp": "2026-04-19T12:22:35.647357",
        "meta": {
            "nf-test": "0.9.5",
            "nextflow": "25.10.3"
        }
    },
    "sarscov2 - single_end lib type A stub": {
        "content": [
            {
                "versions_salmon": [
                    [
                        "SALMON_QUANT",
                        "salmon",
                        "1.10.3"
                    ]
                ]
            },
            [
                [
                    {
                        "id": "test",
                        "single_end": true
                    },
                    "test_lib_format_counts.json:md5,d41d8cd98f00b204e9800998ecf8427e"
                ]
            ]
        ],
        "timestamp": "2026-01-19T14:54:22.024404",
        "meta": {
            "nf-test": "0.9.3",
            "nextflow": "25.10.2"
        }
    },
    "sarscov2 - pair_end": {
        "content": [
            {
                "versions_salmon": [
                    [
                        "SALMON_QUANT",
                        "salmon",
                        "1.10.3"
                    ]
                ]
            },
            [
                [
                    {
                        "id": "test",
                        "single_end": true
                    },
                    "test_lib_format_counts.json:md5,e9516e73c9fb39145513b2a41a0af95f"
                ]
            ]
        ],
        "timestamp": "2026-01-19T14:54:30.967174",
        "meta": {
            "nf-test": "0.9.3",
            "nextflow": "25.10.2"
        }
    },
    "sarscov2 - pair_end stub": {
        "content": [
            {
                "versions_salmon": [
                    [
                        "SALMON_QUANT",
                        "salmon",
                        "1.10.3"
                    ]
                ]
            },
            [
                [
                    {
                        "id": "test",
                        "single_end": true
                    },
                    "test_lib_format_counts.json:md5,d41d8cd98f00b204e9800998ecf8427e"
                ]
            ]
        ],
        "timestamp": "2026-01-19T14:54:38.572004",
        "meta": {
            "nf-test": "0.9.3",
            "nextflow": "25.10.2"
        }
    },
    "homo_sapiens - transcriptome_bam alignment_mode stub": {
        "content": [
            {
                "versions_salmon": [
                    [
                        "SALMON_QUANT",
                        "salmon",
                        "1.10.3"
                    ]
                ]
            },
            [
                [
                    {
                        "id": "test",
                        "single_end": true
                    },
                    "test_lib_format_counts.json:md5,d41d8cd98f00b204e9800998ecf8427e"
                ]
            ]
        ],
        "timestamp": "2026-04-19T12:22:51.028838",
        "meta": {
            "nf-test": "0.9.5",
            "nextflow": "25.10.3"
        }
    }
}